[wegrowinfraventures.com/index.html]
[backblue.gif]
[fade.gif]
[index.html]
[wegrowinfraventures.com/wp-content/themes/hello-elementor/style.min9b70.css]
[wegrowinfraventures.com/feed/index.html]
[wegrowinfraventures.com/comments/feed/index.html]
[wegrowinfraventures.com/wp-content/themes/hello-elementor/theme.min9b70.css]
[wegrowinfraventures.com/wp-content/themes/hello-elementor/header-footer.min9b70.css]
[wegrowinfraventures.com/wp-content/plugins/elementor/assets/css/frontend.min1ffb.css]
[wegrowinfraventures.com/wp-content/uploads/elementor/css/post-24488d.css]
[wegrowinfraventures.com/wp-content/plugins/elementor-pro/assets/css/widget-nav-menu.minb175.css]
[wegrowinfraventures.com/wp-content/plugins/elementor-pro/assets/css/modules/motion-fx.minb175.css]
[wegrowinfraventures.com/wp-content/plugins/elementor/assets/css/widget-heading.min1ffb.css]
[wegrowinfraventures.com/wp-content/plugins/elementor-pro/assets/css/widget-form.minb175.css]
[wegrowinfraventures.com/wp-content/plugins/elementor/assets/lib/animations/styles/bounceInUp.min1ffb.css]
[wegrowinfraventures.com/wp-content/plugins/elementor/assets/css/widget-text-editor.min1ffb.css]
[wegrowinfraventures.com/wp-content/plugins/elementor/assets/css/widget-social-icons.min1ffb.css]
[wegrowinfraventures.com/wp-content/plugins/elementor/assets/css/conditionals/apple-webkit.min1ffb.css]
[wegrowinfraventures.com/wp-content/plugins/elementor/assets/css/widget-divider.min1ffb.css]
[wegrowinfraventures.com/wp-content/plugins/elementor-pro/assets/css/conditionals/popup.minb175.css]
[wegrowinfraventures.com/wp-content/plugins/elementor/assets/lib/swiper/v8/css/swiper.min94a4.css]
[wegrowinfraventures.com/wp-content/plugins/elementor/assets/css/conditionals/e-swiper.min1ffb.css]
[wegrowinfraventures.com/wp-content/plugins/elementor-pro/assets/css/widget-animated-headline.minb175.css]
[wegrowinfraventures.com/wp-content/plugins/elementor-pro/assets/css/widget-search.minb175.css]
[wegrowinfraventures.com/wp-content/plugins/elementor/assets/css/widget-spacer.min1ffb.css]
[wegrowinfraventures.com/wp-content/plugins/elementor/assets/css/widget-image-carousel.min1ffb.css]
[wegrowinfraventures.com/wp-content/plugins/elementor-pro/assets/css/widget-loop-carousel.minb175.css]
[wegrowinfraventures.com/wp-content/plugins/elementor/assets/lib/animations/styles/bounceInLeft.min1ffb.css]
[wegrowinfraventures.com/wp-content/plugins/elementor/assets/lib/animations/styles/bounceInRight.min1ffb.css]
[wegrowinfraventures.com/wp-content/plugins/elementor/assets/css/widget-icon-box.min1ffb.css]
[wegrowinfraventures.com/wp-content/plugins/elementor-pro/assets/css/widget-testimonial-carousel.minb175.css]
[wegrowinfraventures.com/wp-content/plugins/elementor-pro/assets/css/widget-carousel-module-base.minb175.css]
[wegrowinfraventures.com/wp-content/uploads/elementor/css/post-556488d.css]
[wegrowinfraventures.com/wp-content/uploads/elementor/css/post-1497488d.css]
[wegrowinfraventures.com/wp-content/uploads/elementor/css/post-1931051.css]
[wegrowinfraventures.com/wp-content/uploads/elementor/css/post-17791051.css]
[wegrowinfraventures.com/wp-includes/js/jquery/jquery.minf43b.js]
[wegrowinfraventures.com/wp-includes/js/jquery/jquery-migrate.min5589.js]
[wegrowinfraventures.com/wp-json/index.html]
[wegrowinfraventures.com/wp-json/wp/v2/pages/556.json]
[wegrowinfraventures.com/xmlrpc0db0.php]
[wegrowinfraventures.com/wp-json/oembed/1.0/embed0986.json]
[wegrowinfraventures.com/wp-json/oembed/1.0/embede0ba]
[wegrowinfraventures.com/wp-content/uploads/2024/10/cropped-logo-final-32x32.png]
[wegrowinfraventures.com/wp-content/uploads/2024/10/cropped-logo-final-192x192.png]
[wegrowinfraventures.com/wp-content/uploads/2024/10/cropped-logo-final-180x180.png]
[wegrowinfraventures.com/wp-content/uploads/2024/09/yt-e1726990572836.png]
[wegrowinfraventures.com/wp-content/uploads/2024/11/WhatsApp-Image-2024-11-22-at-18.18.40.jpg]
[wegrowinfraventures.com/wp-content/uploads/2024/11/banner-2.webp]
[wegrowinfraventures.com/wp-content/uploads/2024/11/cerise-suites.jpg]
[wegrowinfraventures.com/about-us/index.html]
[wegrowinfraventures.com/wp-content/uploads/2024/11/overview-bg.webp]
[wegrowinfraventures.com/wp-content/uploads/2024/11/afnxbgswscfvxy9nbsz9.webp]
[wegrowinfraventures.com/residential-properties/index.html]
[wegrowinfraventures.com/wp-content/uploads/2024/11/4-4.jpg]
[wegrowinfraventures.com/commercial-properties/index.html]
[wegrowinfraventures.com/blog/index.html]
[wegrowinfraventures.com/contact-us/index.html]
[wegrowinfraventures.com/wp-content/uploads/2024/12/banner-1.webp]
[wegrowinfraventures.com/residential-property/bptp-lutyens-102/index.html]
[wegrowinfraventures.com/residential-property/trump-towers-2/index.html]
[wegrowinfraventures.com/residential-property/central-park-flower-valley/index.html]
[wegrowinfraventures.com/wp-content/uploads/2024/11/indiabulls-one09-2.jpg]
[wegrowinfraventures.com/residential-property/dlf-the-dahlias/index.html]
[wegrowinfraventures.com/residential-property/dlf-the-arbour/index.html]
[wegrowinfraventures.com/residential-property/dlf-privana-west/index.html]
[wegrowinfraventures.com/wp-content/uploads/2024/11/Trehan-Iris-Broadway_1719650550.webp]
[wegrowinfraventures.com/commercial-property/the-dome-centre/index.html]
[wegrowinfraventures.com/wp-content/uploads/2024/11/3-3.jpg]
[wegrowinfraventures.com/commercial-property/indiabulls-one-09/index.html]
[wegrowinfraventures.com/commercial-property/iris-broadway/index.html]
[wegrowinfraventures.com/wp-content/uploads/2024/11/empire.jpg]
[wegrowinfraventures.com/commercial-property/godrej-zenith-studio-apartments/index.html]
[wegrowinfraventures.com/wp-content/uploads/2024/11/omaxe-chandni-chowk-1.jpg]
[wegrowinfraventures.com/commercial-property/suncity-the-empire/index.html]
[wegrowinfraventures.com/commercial-property/omaxe-chandni-chowk/index.html]
[wegrowinfraventures.com/wp-content/plugins/elementor/assets/lib/flatpickr/flatpickr.mineda1.css]
[wegrowinfraventures.com/properties-in-delhi/index.html]
[wegrowinfraventures.com/wp-content/themes/hello-elementor/assets/js/hello-frontend.min9b70.js]
[wegrowinfraventures.com/wp-content/plugins/elementor-pro/assets/lib/smartmenus/jquery.smartmenus.min1576.js]
[wegrowinfraventures.com/properties-in-gurgaon/index.html]
[wegrowinfraventures.com/properties-in-sohna/index.html]
[wegrowinfraventures.com/privacy-policy-2/index.html]
[wegrowinfraventures.com/terms-of-service/index.html]
[wegrowinfraventures.com/cookies-settings/index.html]
[wegrowinfraventures.com/wp-content/plugins/elementor-pro/assets/lib/sticky/jquery.sticky.minb175.js]
[wegrowinfraventures.com/wp-includes/js/imagesloaded.minbb93.js]
[wegrowinfraventures.com/wp-content/plugins/elementor/assets/lib/flatpickr/flatpickr.mineda1.js]
[wegrowinfraventures.com/wp-content/plugins/elementor-pro/assets/js/webpack-pro.runtime.minb175.js]
[wegrowinfraventures.com/wp-content/plugins/elementor/assets/js/webpack.runtime.min1ffb.js]
[wegrowinfraventures.com/wp-content/plugins/elementor/assets/js/frontend-modules.min1ffb.js]
[wegrowinfraventures.com/wp-includes/js/dist/hooks.min4fdd.js]
[wegrowinfraventures.com/wp-includes/js/dist/i18n.minc33c.js]
[wegrowinfraventures.com/wp-content/plugins/elementor-pro/assets/js/frontend.minb175.js]
[wegrowinfraventures.com/wp-includes/js/jquery/ui/core.minb37e.js]
[wegrowinfraventures.com/wp-content/plugins/elementor/assets/js/frontend.min1ffb.js]
[wegrowinfraventures.com/wp-content/plugins/elementor-pro/assets/js/elements-handlers.minb175.js]
[wegrowinfraventures.com/index.html]
[wegrowinfraventures.com/wp-content/themes/hello-elementor/style.min9b70.css]
[wegrowinfraventures.com/wp-content/themes/hello-elementor/theme.min9b70.css]
[wegrowinfraventures.com/wp-content/themes/hello-elementor/header-footer.min9b70.css]
[wegrowinfraventures.com/wp-content/plugins/elementor/assets/css/frontend.min1ffb.css]
[wegrowinfraventures.com/wp-content/uploads/elementor/css/post-24488d.css]
[wegrowinfraventures.com/wp-content/plugins/elementor/assets/css/widget-image.min1ffb.css]
[wegrowinfraventures.com/wp-content/plugins/elementor-pro/assets/css/widget-nav-menu.minb175.css]
[wegrowinfraventures.com/wp-content/plugins/elementor/assets/lib/animations/styles/e-animation-skew-forward.min1ffb.css]
[wegrowinfraventures.com/wp-content/plugins/elementor-pro/assets/css/modules/sticky.minb175.css]
[wegrowinfraventures.com/wp-content/plugins/elementor-pro/assets/css/modules/motion-fx.minb175.css]
[wegrowinfraventures.com/wp-content/plugins/elementor/assets/css/widget-heading.min1ffb.css]
[wegrowinfraventures.com/wp-content/plugins/elementor-pro/assets/css/widget-form.minb175.css]
[wegrowinfraventures.com/wp-content/plugins/elementor/assets/lib/animations/styles/bounceInUp.min1ffb.css]
[wegrowinfraventures.com/wp-content/plugins/elementor/assets/css/widget-text-editor.min1ffb.css]
[wegrowinfraventures.com/wp-content/plugins/elementor/assets/lib/animations/styles/e-animation-grow.min1ffb.css]
[wegrowinfraventures.com/wp-content/plugins/elementor/assets/css/widget-social-icons.min1ffb.css]
[wegrowinfraventures.com/wp-content/plugins/elementor/assets/css/conditionals/apple-webkit.min1ffb.css]
[wegrowinfraventures.com/wp-content/plugins/elementor/assets/css/widget-divider.min1ffb.css]
[wegrowinfraventures.com/wp-content/plugins/elementor/assets/lib/animations/styles/slideInUp.min1ffb.css]
[wegrowinfraventures.com/wp-content/plugins/elementor-pro/assets/css/conditionals/popup.minb175.css]
[wegrowinfraventures.com/wp-content/plugins/elementor/assets/lib/swiper/v8/css/swiper.min94a4.css]
[wegrowinfraventures.com/wp-content/plugins/elementor/assets/css/conditionals/e-swiper.min1ffb.css]
[wegrowinfraventures.com/wp-content/plugins/elementor-pro/assets/css/widget-animated-headline.minb175.css]
[wegrowinfraventures.com/wp-content/plugins/elementor-pro/assets/css/widget-search.minb175.css]
[wegrowinfraventures.com/wp-content/plugins/elementor/assets/css/widget-spacer.min1ffb.css]
[wegrowinfraventures.com/wp-content/plugins/elementor/assets/css/widget-image-carousel.min1ffb.css]
[wegrowinfraventures.com/wp-content/plugins/elementor-pro/assets/css/widget-loop-common.minb175.css]
[wegrowinfraventures.com/wp-content/plugins/elementor-pro/assets/css/widget-loop-carousel.minb175.css]
[wegrowinfraventures.com/wp-content/plugins/elementor/assets/lib/animations/styles/bounceInLeft.min1ffb.css]
[wegrowinfraventures.com/wp-content/plugins/elementor/assets/lib/animations/styles/bounceInRight.min1ffb.css]
[wegrowinfraventures.com/wp-content/plugins/elementor/assets/css/widget-icon-box.min1ffb.css]
[wegrowinfraventures.com/wp-content/plugins/elementor-pro/assets/css/widget-testimonial-carousel.minb175.css]
[wegrowinfraventures.com/wp-content/plugins/elementor-pro/assets/css/widget-carousel-module-base.minb175.css]
[wegrowinfraventures.com/wp-content/uploads/2024/10/delhi.jpg]
[wegrowinfraventures.com/wp-content/uploads/2024/10/7xm682843.jpg]
[wegrowinfraventures.com/wp-content/uploads/2024/10/sohna-1.webp]
[wegrowinfraventures.com/wp-content/uploads/elementor/css/post-556488d.css]
[wegrowinfraventures.com/wp-content/uploads/elementor/css/post-1497488d.css]
[wegrowinfraventures.com/wp-content/uploads/elementor/css/post-1931051.css]
[wegrowinfraventures.com/wp-content/uploads/elementor/css/post-17791051.css]
[wegrowinfraventures.com/wp-includes/js/jquery/jquery.minf43b.js]
[wegrowinfraventures.com/wp-includes/js/jquery/jquery-migrate.min5589.js]
[wegrowinfraventures.com/wp-content/plugins/elementor/assets/css/widget-nested-tabs.min1ffb.css]
[wegrowinfraventures.com/wp-content/plugins/elementor/assets/css/widget-rating.min1ffb.css]
[wegrowinfraventures.com/wp-content/uploads/elementor/css/post-672e089.css]
[wegrowinfraventures.com/wp-json/wp/v2/pages/672.json]
[wegrowinfraventures.com/wp-json/oembed/1.0/embed15cf.json]
[wegrowinfraventures.com/wp-json/oembed/1.0/embed7dcb]
[wegrowinfraventures.com/wp-content/uploads/2024/11/puri-the-aravallis-sector-61-gurgaon.webp]
[wegrowinfraventures.com/wp-content/uploads/2025/01/6d49befed7.jpg]
[wegrowinfraventures.com/wp-content/uploads/2025/01/boss-pic-1-scaled.jpg]
[wegrowinfraventures.com/wp-content/uploads/2025/01/samard.jpg]
[wegrowinfraventures.com/wp-content/uploads/2025/01/team.jpg]
[wegrowinfraventures.com/wp-content/uploads/2025/01/shivam.jpg]
[wegrowinfraventures.com/wp-content/uploads/2025/01/mohit.jpg]
[wegrowinfraventures.com/wp-content/uploads/2025/01/tarun.jpg]
[wegrowinfraventures.com/about-us/index.html]
[wegrowinfraventures.com/wp-content/plugins/elementor-pro/assets/css/widget-loop-grid.minb175.css]
[wegrowinfraventures.com/wp-content/uploads/elementor/css/post-3998285.css]
[wegrowinfraventures.com/wp-json/wp/v2/pages/399.json]
[wegrowinfraventures.com/wp-json/oembed/1.0/embed1095.json]
[wegrowinfraventures.com/wp-json/oembed/1.0/embedfe04]
[wegrowinfraventures.com/wp-content/uploads/2024/11/privana-web-banner-1.jpg]
[wegrowinfraventures.com/wp-content/uploads/2024/11/SW-113_Entry-to-Facade.jpg]
[wegrowinfraventures.com/wp-content/uploads/2024/11/banner-1.webp]
[wegrowinfraventures.com/residential-property/dlf-privana-south/index.html]
[wegrowinfraventures.com/residential-property/smartworld-one-dxp/index.html]
[wegrowinfraventures.com/wp-content/uploads/2024/11/7836910-181616-7EQ7hIjuavkBvlLml6PC.jpg]
[wegrowinfraventures.com/wp-content/uploads/2024/11/d05f4e08d7c357dd848e1a81adbdd2.jpg]
[wegrowinfraventures.com/residential-property/smartworld-the-edition/index.html]
[wegrowinfraventures.com/wp-content/uploads/2024/11/dw-Godrej-Aristcrat-Ncr-OverviewImage-1740X81020622d9878-2a76-4944-86a3-988ed6376a33.jpg]
[wegrowinfraventures.com/wp-content/uploads/2024/11/177a0881-53b1-40c3-9357-c8d2e66a3bb6-1.jpg]
[wegrowinfraventures.com/residential-property/puri-the-aravallis/index.html]
[wegrowinfraventures.com/wp-content/uploads/2024/11/5e7f98d8-89eb-4165-a2fd-9d9dca41d5dc.jpg]
[wegrowinfraventures.com/residential-property/puri-diplomatic-greens/index.html]
[wegrowinfraventures.com/residential-property/godrej-aristocrat/index.html]
[wegrowinfraventures.com/wp-content/uploads/2024/11/e5e72cd1-ac71-4dab-b0c1-b1fd20a5ae8f.jpg]
[wegrowinfraventures.com/residential-property/godrej-zenith/index.html]
[wegrowinfraventures.com/wp-content/uploads/2024/11/slidermain.jpg]
[wegrowinfraventures.com/residential-property/godrej-vrikshya/index.html]
[wegrowinfraventures.com/wp-content/uploads/2024/11/m3m-latitude-banner.jpg]
[wegrowinfraventures.com/residential-property/godrej-miraya/index.html]
[wegrowinfraventures.com/wp-content/uploads/2024/11/maxresdefault.webp]
[wegrowinfraventures.com/residential-property/m3m-golf-estate/index.html]
[wegrowinfraventures.com/residential-property/m3m-latitude/index.html]
[wegrowinfraventures.com/wp-content/uploads/2024/11/m3m-capital-banner-32686.jpg]
[wegrowinfraventures.com/residential-property/m3m-merlin/index.html]
[wegrowinfraventures.com/wp-content/uploads/2024/11/slide2.jpg]
[wegrowinfraventures.com/wp-content/uploads/2024/10/sector-113-gurugram-building-front-elevation.webp]
[wegrowinfraventures.com/residential-property/m3m-capital-113/index.html]
[wegrowinfraventures.com/residential-property/m3m-crown/index.html]
[wegrowinfraventures.com/wp-content/uploads/2024/10/m3m-opus-at-m3m-marlin-banner.jpg]
[wegrowinfraventures.com/wp-content/uploads/2024/10/banner1.webp]
[wegrowinfraventures.com/residential-property/m3m-mansion-sector-113-gurgaon/index.html]
[wegrowinfraventures.com/wp-content/uploads/2024/10/banner.jpg]
[wegrowinfraventures.com/residential-property/m3m-opus-at-m3m-merlin/index.html]
[wegrowinfraventures.com/residential-property/elan-the-residential/index.html]
[wegrowinfraventures.com/wp-content/uploads/2024/10/central-park.jpg]
[wegrowinfraventures.com/residential-property/tarc-ishva-gurgaon/index.html]
[wegrowinfraventures.com/wp-content/uploads/2024/10/m3m-beverly-hills.jpg]
[wegrowinfraventures.com/residential-property/central-park-bignonia-towers/index.html]
[wegrowinfraventures.com/wp-content/uploads/2024/10/Untitled-1-1.jpg]
[wegrowinfraventures.com/residential-property/m3m-golf-hills/index.html]
[wegrowinfraventures.com/wp-content/uploads/2024/09/banner-25872.jpg]
[wegrowinfraventures.com/residential-properties/index.html]
[wegrowinfraventures.com/residential-property/m3m-altitude/index.html]
[wegrowinfraventures.com/wp-content/uploads/elementor/css/post-4011054.css]
[wegrowinfraventures.com/residential-property/m3m-antalya-hills-sector-79-gurgaon/index.html]
[wegrowinfraventures.com/wp-json/wp/v2/pages/401.json]
[wegrowinfraventures.com/wp-json/oembed/1.0/embed7b73.json]
[wegrowinfraventures.com/wp-json/oembed/1.0/embed34ae]
[wegrowinfraventures.com/wp-content/uploads/2024/09/M3M-Atrium-57-Image-5.jpg]
[wegrowinfraventures.com/wp-content/uploads/2024/09/m3m-paragon-57-banner.webp]
[wegrowinfraventures.com/wp-content/uploads/2024/10/2-1.jpg]
[wegrowinfraventures.com/wp-content/uploads/2024/10/route65-project-page-banner.jpg]
[wegrowinfraventures.com/wp-content/uploads/2024/10/reach-buzz-114-sector-114-gurgaon.webp]
[wegrowinfraventures.com/wp-content/uploads/2024/11/M3M-Capital-Walk-sector-113.jpg]
[wegrowinfraventures.com/commercial-property/m3m-atrium-57-sector-57-gurugram/index.html]
[wegrowinfraventures.com/wp-content/uploads/2024/11/4029g-4.jpg]
[wegrowinfraventures.com/commercial-property/m3m-paragon-57sector-57-gurgaon/index.html]
[wegrowinfraventures.com/wp-content/uploads/2024/11/YSG-1-1170x785-1.png]
[wegrowinfraventures.com/commercial-property/m3m-jewel/index.html]
[wegrowinfraventures.com/wp-content/uploads/2024/11/1347924-123521-broadway1.jpg]
[wegrowinfraventures.com/commercial-property/reach-buzz-114/index.html]
[wegrowinfraventures.com/commercial-property/m3m-route-65/index.html]
[wegrowinfraventures.com/commercial-property/m3m-capital-walk/index.html]
[wegrowinfraventures.com/wp-content/uploads/2024/11/header-pic.jpg]
[wegrowinfraventures.com/commercial-property/m3m-65th-avenue/index.html]
[wegrowinfraventures.com/wp-content/uploads/2024/11/banner.jpg]
[wegrowinfraventures.com/commercial-property/m3m-ifc/index.html]
[wegrowinfraventures.com/commercial-property/m3m-broadway/index.html]
[wegrowinfraventures.com/wp-content/uploads/2024/11/elan-nirvana.jpg]
[wegrowinfraventures.com/commercial-property/m3m-corner-walk/index.html]
[wegrowinfraventures.com/wp-content/uploads/2024/11/web11.jpg]
[wegrowinfraventures.com/commercial-property/elan-imperial-82/index.html]
[wegrowinfraventures.com/commercial-property/elan-paradise/index.html]
[wegrowinfraventures.com/wp-content/uploads/2024/11/03.jpg]
[wegrowinfraventures.com/commercial-property/elan-empire/index.html]
[wegrowinfraventures.com/wp-content/uploads/2024/11/5-1.jpg]
[wegrowinfraventures.com/commercial-property/elan-the-mark/index.html]
[wegrowinfraventures.com/wp-content/uploads/2024/11/web11-1.jpg]
[wegrowinfraventures.com/commercial-property/elan-miracle/index.html]
[wegrowinfraventures.com/wp-content/uploads/2024/11/banner.webp]
[wegrowinfraventures.com/wp-content/uploads/2024/11/aipl-joy-central-sector-65-gurgaon-ban-1-1580639976.jpg]
[wegrowinfraventures.com/commercial-property/elan-epic/index.html]
[wegrowinfraventures.com/wp-content/uploads/2024/11/joystreet-gurgaon-3-1.jpg]
[wegrowinfraventures.com/wp-content/uploads/2024/11/aipl-autographR.webp]
[wegrowinfraventures.com/wp-content/uploads/2024/11/banner_1.jpg]
[wegrowinfraventures.com/commercial-properties/index.html]
[wegrowinfraventures.com/commercial-property/aipl-joy-district/index.html]
[wegrowinfraventures.com/commercial-property/aipl-joy-central/index.html]
[wegrowinfraventures.com/commercial-property/aipl-joy-street/index.html]
[wegrowinfraventures.com/commercial-property/aipl-autograph/index.html]
[wegrowinfraventures.com/commercial-property/the-omaxe-state/index.html]
[wegrowinfraventures.com/wp-content/plugins/elementor-pro/assets/css/widget-posts.minb175.css]
[wegrowinfraventures.com/wp-content/uploads/elementor/css/post-82692a3.css]
[wegrowinfraventures.com/wp-json/wp/v2/pages/826.json]
[wegrowinfraventures.com/wp-json/oembed/1.0/embeda460.json]
[wegrowinfraventures.com/wp-json/oembed/1.0/embedf711]
[wegrowinfraventures.com/wp-content/uploads/2024/12/2-300x200.jpg]
[wegrowinfraventures.com/wp-content/uploads/2024/12/1599642619-9091-300x169.jpg]
[wegrowinfraventures.com/wp-content/uploads/2024/10/Thinking-home-buyer-300x200.jpg]
[wegrowinfraventures.com/wp-content/uploads/2024/09/M3M-Atrium-57-Image-5-300x169.jpg]
[wegrowinfraventures.com/wp-content/uploads/2024/09/banner-25872-300x138.jpg]
[wegrowinfraventures.com/wp-content/uploads/2024/09/headslider-300x113.jpg]
[wegrowinfraventures.com/blog/index.html]
[wegrowinfraventures.com/why-should-we-invest-in-commercial-property-in-gurugram-in-2025/index.html]
[wegrowinfraventures.com/wp-content/plugins/elementor/assets/css/widget-icon-list.min1ffb.css]
[wegrowinfraventures.com/haryana-approves-36-km-extension-of-gurugram-metro/index.html]
[wegrowinfraventures.com/why-invest-in-m3m-atrium-57/index.html]
[wegrowinfraventures.com/consider-buy-your-first-home-in-gurgaon/index.html]
[wegrowinfraventures.com/top-5-amenities-of-m3m-antalya-hills-sector-79/index.html]
[wegrowinfraventures.com/why-gurgaon-is-a-hotspot-for-real-estate-investment/index.html]
[wegrowinfraventures.com/wp-content/uploads/elementor/css/post-78623b3.css]
[wegrowinfraventures.com/wp-json/wp/v2/pages/786.json]
[wegrowinfraventures.com/wp-json/oembed/1.0/embed04b3.json]
[wegrowinfraventures.com/contact-us/index.html]
[wegrowinfraventures.com/wp-json/oembed/1.0/embed7d3b]
[wegrowinfraventures.com/wp-includes/css/dist/block-library/style.min9704.css]
[wegrowinfraventures.com/wp-content/plugins/elementor-pro/assets/css/widget-gallery.minb175.css]
[wegrowinfraventures.com/wp-content/plugins/elementor/assets/lib/e-gallery/css/e-gallery.min7359.css]
[wegrowinfraventures.com/wp-content/plugins/elementor-pro/assets/css/conditionals/transitions.minb175.css]
[wegrowinfraventures.com/wp-content/uploads/elementor/css/post-110f845.css]
[wegrowinfraventures.com/wp-content/uploads/elementor/css/post-259f1b6.css]
[wegrowinfraventures.com/wp-json/wp/v2/residential-property/3049.json]
[wegrowinfraventures.com/wp-json/oembed/1.0/embeddb08.json]
[wegrowinfraventures.com/wp-json/oembed/1.0/embed7420]
[wegrowinfraventures.com/wp-content/uploads/2024/09/logo-dark.png]
[wegrowinfraventures.com/wp-content/uploads/2024/11/shot-of-a-beautiful-setting-of-champagne-and-treat-2023-11-27-04-49-15-utc_result.webp]
[wegrowinfraventures.com/wp-content/uploads/2024/11/interior-of-modern-hotel-reception-2023-11-27-04-55-32-utc_result-1024x700-1.webp]
[wegrowinfraventures.com/wp-content/uploads/2024/11/portrait-of-a-happy-family-on-vacation-2023-11-27-05-06-08-utc_result_11zon-1024x683-1.webp]
[wegrowinfraventures.com/wp-content/uploads/2024/11/3d-rendering-modern-luxury-bedroom-suite-and-bathr-2023-11-27-05-27-08-utc_result.webp]
[wegrowinfraventures.com/wp-content/uploads/2024/11/Coming-Soon.jpg]
[wegrowinfraventures.com/wp-content/uploads/2024/11/gal-soon.jpg]
[wegrowinfraventures.com/wp-content/plugins/elementor/assets/lib/e-gallery/js/e-gallery.min7359.js]
[wegrowinfraventures.com/residential-property/bptp-lutyens-102/index.html]
[wegrowinfraventures.com/wp-json/wp/v2/residential-property/3013.json]
[wegrowinfraventures.com/wp-json/oembed/1.0/embedfaa9.json]
[wegrowinfraventures.com/wp-json/oembed/1.0/embed3ffa]
[wegrowinfraventures.com/wp-content/uploads/2024/11/trump-tower-delhi.webp]
[wegrowinfraventures.com/wp-content/uploads/2024/11/trump-tower-flat.webp]
[wegrowinfraventures.com/wp-content/uploads/2024/11/trump-tower-gurgaon.webp]
[wegrowinfraventures.com/wp-content/uploads/2024/11/trump-tower-apartments.webp]
[wegrowinfraventures.com/wp-content/uploads/2024/11/4BHKLoungeB_1586397231.jpg]
[wegrowinfraventures.com/wp-content/uploads/2024/11/4BHKLoungeDoubleHeight_1586397231-1.jpg]
[wegrowinfraventures.com/wp-content/uploads/2024/11/4BHKLoungeT2E_1586397231.jpg]
[wegrowinfraventures.com/residential-property/trump-towers-2/index.html]
[wegrowinfraventures.com/wp-json/wp/v2/residential-property/2311.json]
[wegrowinfraventures.com/wp-json/oembed/1.0/embed31b0.json]
[wegrowinfraventures.com/wp-json/oembed/1.0/embedc050]
[wegrowinfraventures.com/wp-content/uploads/2024/11/CentralParkFlowerValley-01-900x600-1.jpg]
[wegrowinfraventures.com/wp-content/uploads/2024/11/CentralParkFlowerValley-04-900x600-1.jpg]
[wegrowinfraventures.com/wp-content/uploads/2024/11/CentralParkFlowerValley-03-900x600-1.jpg]
[wegrowinfraventures.com/wp-content/uploads/2024/11/CentralParkFlowerValley-02-900x600-1.jpg]
[wegrowinfraventures.com/wp-content/uploads/2024/11/2a42df5789a01b041f37386a81893acb.jpg]
[wegrowinfraventures.com/wp-content/uploads/2024/11/3b9e0db5560300fd676e3aa76f654d31.jpg]
[wegrowinfraventures.com/wp-content/uploads/2024/11/97a7cde11fb09fdc13e07c8f52f4a749.jpg]
[wegrowinfraventures.com/residential-property/central-park-flower-valley/index.html]
[wegrowinfraventures.com/wp-json/wp/v2/residential-property/2307.json]
[wegrowinfraventures.com/wp-json/oembed/1.0/embed9154.json]
[wegrowinfraventures.com/wp-json/oembed/1.0/embed544e]
[wegrowinfraventures.com/wp-content/uploads/2024/11/03.webp]
[wegrowinfraventures.com/wp-content/uploads/2024/11/18.webp]
[wegrowinfraventures.com/wp-content/uploads/2024/11/03-1.webp]
[wegrowinfraventures.com/wp-content/uploads/2024/11/13.webp]
[wegrowinfraventures.com/residential-property/dlf-the-dahlias/index.html]
[wegrowinfraventures.com/wp-json/wp/v2/residential-property/2304.json]
[wegrowinfraventures.com/wp-json/oembed/1.0/embed1652.json]
[wegrowinfraventures.com/wp-json/oembed/1.0/embed2e2e]
[wegrowinfraventures.com/wp-content/uploads/2024/11/wx0pvtpwd999pyd8ytw4.jpg]
[wegrowinfraventures.com/wp-content/uploads/2024/11/dlf-63-gurgaon-amenities.webp]
[wegrowinfraventures.com/wp-content/uploads/2024/11/dlf-63-gurgaon-highlights.webp]
[wegrowinfraventures.com/wp-content/uploads/2024/11/dlf-63-gurgaon-video-block.webp]
[wegrowinfraventures.com/wp-content/uploads/2024/11/xbdywycuqqslab1jfrjb.jpg]
[wegrowinfraventures.com/residential-property/dlf-the-arbour/index.html]
[wegrowinfraventures.com/wp-json/wp/v2/residential-property/2300.json]
[wegrowinfraventures.com/wp-json/oembed/1.0/embed8126.json]
[wegrowinfraventures.com/wp-json/oembed/1.0/embed2cf8]
[wegrowinfraventures.com/wp-content/uploads/2024/11/a3.jpg]
[wegrowinfraventures.com/wp-content/uploads/2024/11/g4.jpg]
[wegrowinfraventures.com/wp-content/uploads/2024/11/amenities.jpg]
[wegrowinfraventures.com/wp-content/uploads/2024/11/g3.jpg]
[wegrowinfraventures.com/wp-content/uploads/2024/11/56717_B1_1F1_3D.jpg]
[wegrowinfraventures.com/wp-content/uploads/2024/11/56717_B1_1F2_3D.jpg]
[wegrowinfraventures.com/residential-property/dlf-privana-west/index.html]
[wegrowinfraventures.com/wp-content/uploads/elementor/css/post-322184f.css]
[wegrowinfraventures.com/wp-json/wp/v2/commercial-property/3078.json]
[wegrowinfraventures.com/wp-json/oembed/1.0/embed8b0a.json]
[wegrowinfraventures.com/wp-json/oembed/1.0/embed2a44]
[wegrowinfraventures.com/wp-content/uploads/2024/12/2.jpg]
[wegrowinfraventures.com/wp-content/uploads/2024/12/3.jpg]
[wegrowinfraventures.com/wp-content/uploads/2024/12/4.jpg]
[wegrowinfraventures.com/wp-content/uploads/2024/12/1.jpg]
[wegrowinfraventures.com/commercial-property/the-dome-centre/index.html]
[wegrowinfraventures.com/wp-json/wp/v2/commercial-property/2391.json]
[wegrowinfraventures.com/wp-json/oembed/1.0/embedaea9.json]
[wegrowinfraventures.com/wp-json/oembed/1.0/embeda5a7]
[wegrowinfraventures.com/wp-content/uploads/2024/11/1892652002Indiabulls-one-09-dwarkaexpressway-homes_page-0009-min.jpg]
[wegrowinfraventures.com/wp-content/uploads/2024/11/1892652002Indiabulls-one-09-dwarkaexpressway-homes_page-0017-min.jpg]
[wegrowinfraventures.com/wp-content/uploads/2024/11/1892652002Indiabulls-one-09-dwarkaexpressway-homes_page-0015-min.jpg]
[wegrowinfraventures.com/wp-content/uploads/2024/11/1892652002Indiabulls-one-09-dwarkaexpressway-homes_page-0007-min.jpg]
[wegrowinfraventures.com/wp-content/uploads/2024/11/1892652002Indiabulls-one-09-dwarkaexpressway-homes_page-0021-min.jpg]
[wegrowinfraventures.com/wp-content/uploads/2024/11/1892652002Indiabulls-one-09-dwarkaexpressway-homes_page-0020-min.jpg]
[wegrowinfraventures.com/wp-content/uploads/2024/11/1892652002Indiabulls-one-09-dwarkaexpressway-homes_page-0019-min.jpg]
[wegrowinfraventures.com/commercial-property/indiabulls-one-09/index.html]
[wegrowinfraventures.com/wp-json/wp/v2/commercial-property/2387.json]
[wegrowinfraventures.com/wp-json/oembed/1.0/embeda971.json]
[wegrowinfraventures.com/wp-json/oembed/1.0/embedd191]
[wegrowinfraventures.com/wp-content/uploads/2024/11/about3_1712121427.jpg]
[wegrowinfraventures.com/wp-content/uploads/2024/11/about5_1712121427.jpg]
[wegrowinfraventures.com/wp-content/uploads/2024/11/about2_1712121427.jpg]
[wegrowinfraventures.com/wp-content/uploads/2024/11/about4_1712121427.jpg]
[wegrowinfraventures.com/wp-content/uploads/2024/11/ba-ugf_1712121427.jpg]
[wegrowinfraventures.com/wp-content/uploads/2024/11/ba-lgf_1712121427.jpg]
[wegrowinfraventures.com/wp-content/uploads/2024/11/ba-ff_1712121427.jpg]
[wegrowinfraventures.com/wp-content/uploads/2024/11/Screenshot-2024-04-03-at-10.33.10-AM_1712121427.png]
[wegrowinfraventures.com/commercial-property/iris-broadway/index.html]
[wegrowinfraventures.com/wp-json/wp/v2/commercial-property/2383.json]
[wegrowinfraventures.com/wp-json/oembed/1.0/embedaeb0.json]
[wegrowinfraventures.com/wp-json/oembed/1.0/embed9985]
[wegrowinfraventures.com/wp-content/uploads/2024/11/2-1.jpg]
[wegrowinfraventures.com/wp-content/uploads/2024/11/2-2.jpg]
[wegrowinfraventures.com/wp-content/uploads/2024/11/1-2.jpg]
[wegrowinfraventures.com/wp-content/uploads/2024/11/1-1.jpg]
[wegrowinfraventures.com/commercial-property/godrej-zenith-studio-apartments/index.html]
[wegrowinfraventures.com/wp-json/wp/v2/commercial-property/2380.json]
[wegrowinfraventures.com/wp-json/oembed/1.0/embeda99d.json]
[wegrowinfraventures.com/wp-json/oembed/1.0/embedc23a]
[wegrowinfraventures.com/wp-content/uploads/2024/11/4.webp]
[wegrowinfraventures.com/wp-content/uploads/2024/11/5.webp]
[wegrowinfraventures.com/wp-content/uploads/2024/11/th-2.webp]
[wegrowinfraventures.com/wp-content/uploads/2024/11/th-3.webp]
[wegrowinfraventures.com/wp-content/uploads/2024/11/lauout.jpg]
[wegrowinfraventures.com/commercial-property/suncity-the-empire/index.html]
[wegrowinfraventures.com/wp-json/wp/v2/commercial-property/2376.json]
[wegrowinfraventures.com/wp-json/oembed/1.0/embed843b.json]
[wegrowinfraventures.com/wp-json/oembed/1.0/embedad69]
[wegrowinfraventures.com/wp-content/uploads/2024/11/food-court.jpg]
[wegrowinfraventures.com/wp-content/uploads/2024/11/bridal-market.jpg]
[wegrowinfraventures.com/wp-content/uploads/2024/11/DSC02085.webp]
[wegrowinfraventures.com/wp-content/uploads/2024/11/jewel-court1.jpg]
[wegrowinfraventures.com/wp-content/uploads/2024/11/First-Floor_1564820343-scaled.jpg]
[wegrowinfraventures.com/wp-content/uploads/2024/11/First-Floor-1.jpg]
[wegrowinfraventures.com/wp-content/uploads/2024/11/Ground-Floor_1564820267-scaled.jpg]
[wegrowinfraventures.com/wp-content/uploads/2024/11/Ground-Floor-1.jpg]
[wegrowinfraventures.com/wp-content/uploads/2024/11/Second-Floor_1564820433.jpg]
[wegrowinfraventures.com/wp-content/uploads/2024/11/Second-Floor-1.jpg]
[wegrowinfraventures.com/commercial-property/omaxe-chandni-chowk/index.html]
[wegrowinfraventures.com/wp-content/uploads/elementor/css/post-29500ec9.css]
[wegrowinfraventures.com/wp-json/wp/v2/pages/2950.json]
[wegrowinfraventures.com/wp-json/oembed/1.0/embed8ea1.json]
[wegrowinfraventures.com/properties-in-delhi/index.html]
[wegrowinfraventures.com/wp-json/oembed/1.0/embed5481]
[wegrowinfraventures.com/wp-content/uploads/elementor/css/post-2994c7cf.css]
[wegrowinfraventures.com/wp-json/wp/v2/pages/2994.json]
[wegrowinfraventures.com/wp-json/oembed/1.0/embede27a.json]
[wegrowinfraventures.com/wp-json/oembed/1.0/embeda867]
[wegrowinfraventures.com/properties-in-gurgaon/index.html]
[wegrowinfraventures.com/wp-content/uploads/elementor/css/post-2978fb12.css]
[wegrowinfraventures.com/wp-json/wp/v2/pages/2978.json]
[wegrowinfraventures.com/wp-json/oembed/1.0/embedc3d6.json]
[wegrowinfraventures.com/wp-json/oembed/1.0/embed96fb]
[wegrowinfraventures.com/properties-in-sohna/index.html]
[wegrowinfraventures.com/wp-content/uploads/elementor/css/post-640e349.css]
[wegrowinfraventures.com/wp-json/wp/v2/pages/640.json]
[wegrowinfraventures.com/wp-json/oembed/1.0/embed9dc2.json]
[wegrowinfraventures.com/privacy-policy-2/index.html]
[wegrowinfraventures.com/wp-json/oembed/1.0/embedb04d]
[wegrowinfraventures.com/wp-content/uploads/elementor/css/post-642c052.css]
[wegrowinfraventures.com/wp-json/wp/v2/pages/642.json]
[wegrowinfraventures.com/wp-json/oembed/1.0/embed8046.json]
[wegrowinfraventures.com/terms-of-service/index.html]
[wegrowinfraventures.com/wp-json/oembed/1.0/embed5059]
[wegrowinfraventures.com/wp-content/uploads/elementor/css/post-644dc7d.css]
[wegrowinfraventures.com/wp-json/wp/v2/pages/644.json]
[wegrowinfraventures.com/wp-json/oembed/1.0/embed9a24.json]
[wegrowinfraventures.com/wp-json/oembed/1.0/embed0a41]
[wegrowinfraventures.com/cookies-settings/index.html]
[wegrowinfraventures.com/wp-content/plugins/elementor/assets/lib/flatpickr/flatpickr.mineda1.css]
[wegrowinfraventures.com/wp-content/themes/hello-elementor/assets/js/hello-frontend.min9b70.js]
[wegrowinfraventures.com/wp-content/plugins/elementor-pro/assets/lib/smartmenus/jquery.smartmenus.min1576.js]
[wegrowinfraventures.com/wp-content/plugins/elementor-pro/assets/lib/sticky/jquery.sticky.minb175.js]
[wegrowinfraventures.com/wp-includes/js/imagesloaded.minbb93.js]
[wegrowinfraventures.com/wp-content/plugins/elementor/assets/lib/flatpickr/flatpickr.mineda1.js]
[wegrowinfraventures.com/wp-content/plugins/elementor-pro/assets/js/webpack-pro.runtime.minb175.js]
[wegrowinfraventures.com/wp-content/plugins/elementor/assets/js/webpack.runtime.min1ffb.js]
[wegrowinfraventures.com/wp-content/plugins/elementor/assets/js/frontend-modules.min1ffb.js]
[wegrowinfraventures.com/wp-includes/js/dist/hooks.min4fdd.js]
[wegrowinfraventures.com/wp-includes/js/dist/i18n.minc33c.js]
[wegrowinfraventures.com/wp-content/plugins/elementor-pro/assets/js/frontend.minb175.js]
[wegrowinfraventures.com/wp-includes/js/jquery/ui/core.minb37e.js]
[wegrowinfraventures.com/-negative.svg]
[wegrowinfraventures.com/wp-content/plugins/elementor/assets/js/frontend.min1ffb.js]
[wegrowinfraventures.com/window.location.href]
[wegrowinfraventures.com/wp-content/plugins/elementor-pro/assets/js/elements-handlers.minb175.js]
[wegrowinfraventures.com/wp-content/plugins/elementor/assets/css/widget-nested-tabs.min1ffb.css]
[wegrowinfraventures.com/wp-content/plugins/elementor/assets/css/widget-rating.min1ffb.css]
[wegrowinfraventures.com/OPR/index.html]
[wegrowinfraventures.com/wp-content/uploads/elementor/css/post-672e089.css]
[wegrowinfraventures.com/indexaa11.html]
[wegrowinfraventures.com/wp-content/plugins/elementor-pro/assets/css/widget-loop-grid.minb175.css]
[wegrowinfraventures.com/wp-content/uploads/elementor/css/post-3998285.css]
[wegrowinfraventures.com/index0945.html]
[wegrowinfraventures.com/wp-content/uploads/2024/09/newl.svg]
[wegrowinfraventures.com/wp-json/wp/v2/residential-property/2298.json]
[wegrowinfraventures.com/wp-json/oembed/1.0/embedc00f.json]
[wegrowinfraventures.com/wp-json/oembed/1.0/embed8b57]
[wegrowinfraventures.com/wp-content/uploads/2024/11/fourth-banner.jpg]
[wegrowinfraventures.com/wp-content/uploads/2024/11/banner-3.jpg]
[wegrowinfraventures.com/wp-content/uploads/2024/11/banner-1.jpg]
[wegrowinfraventures.com/wp-content/uploads/2024/11/banner-2.jpg]
[wegrowinfraventures.com/wp-content/uploads/2024/11/penthouse.jpg]
[wegrowinfraventures.com/wp-content/uploads/2024/11/typical_unit.jpg]
[wegrowinfraventures.com/residential-property/dlf-privana-south/index.html]
[wegrowinfraventures.com/wp-json/wp/v2/residential-property/2294.json]
[wegrowinfraventures.com/wp-json/oembed/1.0/embedca0d.json]
[wegrowinfraventures.com/wp-json/oembed/1.0/embed55d5]
[wegrowinfraventures.com/wp-content/uploads/2024/11/free-form-pool-HD.jpg]
[wegrowinfraventures.com/wp-content/uploads/2024/11/gym-HD.jpg]
[wegrowinfraventures.com/wp-content/uploads/2024/11/barbeque-zone-HD.jpg]
[wegrowinfraventures.com/wp-content/uploads/2024/11/kids-water-play-HD.jpg]
[wegrowinfraventures.com/wp-content/uploads/2024/11/3.5bhk-utility-deck-apartment-HD.jpg]
[wegrowinfraventures.com/wp-content/uploads/2024/11/3.5bhk-utility-deck-apartment.jpg]
[wegrowinfraventures.com/wp-content/uploads/2024/11/3.5bhk-utility-xl-deck-HD.jpg]
[wegrowinfraventures.com/wp-content/uploads/2024/11/3.5bhk-utility-xl-deck.jpg]
[wegrowinfraventures.com/wp-content/uploads/2024/11/3.5bhk-utility-xxl-deck-.jpg]
[wegrowinfraventures.com/wp-content/uploads/2024/11/3.5bhk-utility-xxl-deck-HD.jpg]
[wegrowinfraventures.com/wp-content/uploads/2024/11/4.5-bhk-utility-deck-apartment-HD.jpg]
[wegrowinfraventures.com/wp-content/uploads/2024/11/4.5-bhk-utility-deck-apartment.jpg]
[wegrowinfraventures.com/wp-content/uploads/2024/11/4.5-bhk-utility-xxl-deck-apartment-.jpg]
[wegrowinfraventures.com/wp-content/uploads/2024/11/4.5-bhk-utility-xxl-deck-apartment-HD.jpg]
[wegrowinfraventures.com/residential-property/smartworld-one-dxp/index.html]
[wegrowinfraventures.com/wp-json/wp/v2/residential-property/2290.json]
[wegrowinfraventures.com/wp-json/oembed/1.0/embedd2b9.json]
[wegrowinfraventures.com/wp-json/oembed/1.0/embede182]
[wegrowinfraventures.com/wp-content/uploads/2024/11/gallery3.webp]
[wegrowinfraventures.com/wp-content/uploads/2024/11/gallery2.webp]
[wegrowinfraventures.com/wp-content/uploads/2024/11/gallery4.webp]
[wegrowinfraventures.com/wp-content/uploads/2024/11/gallery5.webp]
[wegrowinfraventures.com/wp-content/uploads/2024/11/floor-plan.webp]
[wegrowinfraventures.com/residential-property/smartworld-the-edition/index.html]
[wegrowinfraventures.com/wp-json/wp/v2/residential-property/2284.json]
[wegrowinfraventures.com/wp-json/oembed/1.0/embedeaec.json]
[wegrowinfraventures.com/wp-json/oembed/1.0/embeda609]
[wegrowinfraventures.com/wp-content/uploads/2024/11/puri-aravallis-outdoor-pool.webp]
[wegrowinfraventures.com/wp-content/uploads/2024/11/puri-the-aravallis-infinity-pool.webp]
[wegrowinfraventures.com/wp-content/uploads/2024/11/puri-the-aravallis-villas.webp]
[wegrowinfraventures.com/wp-content/uploads/2024/11/1-3.jpg]
[wegrowinfraventures.com/wp-content/uploads/2024/11/2-4.jpg]
[wegrowinfraventures.com/wp-content/uploads/2024/11/3-4.jpg]
[wegrowinfraventures.com/wp-content/uploads/2024/11/type-1.jpg]
[wegrowinfraventures.com/wp-content/uploads/2024/11/type-2.jpg]
[wegrowinfraventures.com/wp-content/uploads/2024/11/type-3.jpg]
[wegrowinfraventures.com/wp-content/uploads/2024/11/puri-the-aravallis-3-bhk-apartment.webp]
[wegrowinfraventures.com/wp-content/uploads/2024/11/puri-the-aravallis-4-bhk-apartment.webp]
[wegrowinfraventures.com/residential-property/puri-the-aravallis/index.html]
[wegrowinfraventures.com/wp-json/wp/v2/residential-property/2278.json]
[wegrowinfraventures.com/wp-json/oembed/1.0/embede2dc.json]
[wegrowinfraventures.com/wp-json/oembed/1.0/embed418f]
[wegrowinfraventures.com/wp-content/uploads/2024/11/20210531040225_slider_image_4_218364171.jpg]
[wegrowinfraventures.com/wp-content/uploads/2024/11/20210531040225_slider_image_3_3.jpg]
[wegrowinfraventures.com/wp-content/uploads/2024/11/20210531040225_slider_image_2_1.jpg]
[wegrowinfraventures.com/wp-content/uploads/2024/11/20210531035940_highlights_image_235309185.jpg]
[wegrowinfraventures.com/wp-content/uploads/2024/11/0cf8ab99ab43a91141927aef99d2e3.jpg]
[wegrowinfraventures.com/wp-content/uploads/2024/11/58ccfce1ccb942700e1ac2cea389d1.jpg]
[wegrowinfraventures.com/wp-content/uploads/2024/11/ad4ab8dcf1c0a43d9519a03fefc1af.jpg]
[wegrowinfraventures.com/wp-content/uploads/2024/11/b061455f872d87400696b50f698f21.jpg]
[wegrowinfraventures.com/wp-content/uploads/2024/11/20210531040040_floor_image_1_Master_plan.jpg]
[wegrowinfraventures.com/residential-property/puri-diplomatic-greens/index.html]
[wegrowinfraventures.com/wp-json/wp/v2/residential-property/2262.json]
[wegrowinfraventures.com/wp-json/oembed/1.0/embed6699.json]
[wegrowinfraventures.com/wp-json/oembed/1.0/embedd342]
[wegrowinfraventures.com/wp-content/uploads/2024/11/dw-Godrej-Aristcrat-Ncr-Gallery03-550X550-6cede0b4-db63-40af-9014-b66e2f3efaf7.webp]
[wegrowinfraventures.com/wp-content/uploads/2024/11/dw-Godrej-Aristcrat-Ncr-Gallery02-550X550-492656a6-0b39-47db-817c-dc33465c3d02.webp]
[wegrowinfraventures.com/wp-content/uploads/2024/11/dw-Godrej-Aristcrat-Ncr-Gallery04-550X550-4269c96d-457a-4a00-8950-a6c2444ad9ea.webp]
[wegrowinfraventures.com/wp-content/uploads/2024/11/dw-Godrej-Aristcrat-Ncr-Gallery01-550X550-059f3745-1bf6-4d2c-bac4-aac1ab6c00cb.webp]
[wegrowinfraventures.com/wp-content/uploads/2024/11/lmq0z9jqkz2ofrn0yw8r.jpg]
[wegrowinfraventures.com/wp-content/uploads/2024/11/nhzk9mqrhs6bidbwnlyt.jpg]
[wegrowinfraventures.com/wp-content/uploads/2024/11/qtbc6mjdpfqijo7djwht.jpg]
[wegrowinfraventures.com/wp-content/uploads/2024/11/ttc8cfuuoammidr0jhj8.jpg]
[wegrowinfraventures.com/wp-content/uploads/2024/11/whhqfq1r09dt0cieiaet.jpg]
[wegrowinfraventures.com/wp-content/uploads/2024/11/zwhhewiynk4lqi3hyf7h.jpg]
[wegrowinfraventures.com/wp-content/uploads/2024/11/gxrlxgkz1hhkc73yuhwc.jpg]
[wegrowinfraventures.com/wp-content/uploads/2024/11/ivn8l0asuitbt8bn4dsb.jpg]
[wegrowinfraventures.com/wp-content/uploads/2024/11/bwmdshw7vm0euycfwbkd.jpg]
[wegrowinfraventures.com/wp-content/uploads/2024/11/a4tnclconrldgyzyj3yw.jpg]
[wegrowinfraventures.com/residential-property/godrej-aristocrat/index.html]
[wegrowinfraventures.com/wp-json/wp/v2/residential-property/2259.json]
[wegrowinfraventures.com/wp-json/oembed/1.0/embedec21.json]
[wegrowinfraventures.com/wp-json/oembed/1.0/embedd70b]
[wegrowinfraventures.com/wp-content/uploads/2024/11/a62cbfc1-1fff-40eb-a121-62c73bc1a1db-1.webp]
[wegrowinfraventures.com/wp-content/uploads/2024/11/c7cb9989-10f9-4031-990f-529b2261fc96-1.webp]
[wegrowinfraventures.com/wp-content/uploads/2024/11/722e50e9-d2ba-46f8-aebc-4a5a2f4fb810-1.webp]
[wegrowinfraventures.com/wp-content/uploads/2024/11/54e26fb9-d070-40a4-9416-605805d923f1-1.webp]
[wegrowinfraventures.com/wp-content/uploads/2024/11/b7f22956-0b8c-4999-824d-4c963bbee585-scaled.jpg]
[wegrowinfraventures.com/wp-content/uploads/2024/11/0d59f6fc-7747-4df0-8605-6242c641a100-scaled.jpg]
[wegrowinfraventures.com/wp-content/uploads/2024/11/28578e6f-36e0-4b75-93de-2fe12e7e4919-scaled.jpg]
[wegrowinfraventures.com/residential-property/godrej-zenith/index.html]
[wegrowinfraventures.com/wp-json/wp/v2/residential-property/2256.json]
[wegrowinfraventures.com/wp-json/oembed/1.0/embed1387.json]
[wegrowinfraventures.com/wp-json/oembed/1.0/embed2c97]
[wegrowinfraventures.com/wp-content/uploads/2024/11/409954e4-88d2-4e8b-835e-f71cf6199ff3.webp]
[wegrowinfraventures.com/wp-content/uploads/2024/11/6ab8a28f-8c61-41ce-8c49-5e43033b563e.webp]
[wegrowinfraventures.com/wp-content/uploads/2024/11/ca1ed4f6-d5fd-4824-ae9b-1862c1a52701.webp]
[wegrowinfraventures.com/wp-content/uploads/2024/11/0f68bff0-d5c2-4d5a-af51-e788441927b3.webp]
[wegrowinfraventures.com/wp-content/uploads/2024/11/6c612fb1-8f19-47f9-9a6b-8d433fd08c18-scaled.jpg]
[wegrowinfraventures.com/wp-content/uploads/2024/11/27ff311b-e576-4525-a208-c185000f651b-scaled.jpg]
[wegrowinfraventures.com/wp-content/uploads/2024/11/ec024a01-9a87-4174-b073-f4ab9dbb9017-scaled.jpg]
[wegrowinfraventures.com/residential-property/godrej-vrikshya/index.html]
[wegrowinfraventures.com/wp-json/wp/v2/residential-property/2251.json]
[wegrowinfraventures.com/wp-json/oembed/1.0/embed5c4d.json]
[wegrowinfraventures.com/wp-json/oembed/1.0/embeda068]
[wegrowinfraventures.com/wp-content/uploads/2024/11/f83101d3-1f07-4636-9bfb-56ee23d950b2.jpg]
[wegrowinfraventures.com/wp-content/uploads/2024/11/36f45de4-dd8f-49bd-8f6c-6a33ad94a5df.jpg]
[wegrowinfraventures.com/wp-content/uploads/2024/11/3aa20f3e-bf55-4fbb-8461-8e3b34504445.jpg]
[wegrowinfraventures.com/wp-content/uploads/2024/11/bb0e256a-84ff-43cf-a370-6bf23339977b.jpg]
[wegrowinfraventures.com/residential-property/godrej-miraya/index.html]
[wegrowinfraventures.com/wp-json/wp/v2/residential-property/2248.json]
[wegrowinfraventures.com/wp-json/oembed/1.0/embedc16b.json]
[wegrowinfraventures.com/wp-json/oembed/1.0/embed8fae]
[wegrowinfraventures.com/wp-content/uploads/2024/11/ge-gallery3-1.jpg]
[wegrowinfraventures.com/wp-content/uploads/2024/11/ge-gallery2-1.jpg]
[wegrowinfraventures.com/wp-content/uploads/2024/11/ge-gallery7-1.jpg]
[wegrowinfraventures.com/wp-content/uploads/2024/11/ge-gallery6-1.jpg]
[wegrowinfraventures.com/wp-content/uploads/2024/11/4BHKDenLoungePujaTower2-35219Sqft.png]
[wegrowinfraventures.com/wp-content/uploads/2024/11/east1.jpg]
[wegrowinfraventures.com/wp-content/uploads/2024/11/east7.jpg]
[wegrowinfraventures.com/wp-content/uploads/2024/11/MGE-5BHK-Duplex-Lower-T11-1.jpg]
[wegrowinfraventures.com/wp-content/uploads/2024/11/MGE-5BHK-Duplex-Lower-T11.jpg]
[wegrowinfraventures.com/wp-content/uploads/2024/11/MGE-TW-09-a-3BHK-3469.jpg]
[wegrowinfraventures.com/wp-content/uploads/2024/11/MGE-TW-09b-3BHK-3452-scaled.jpg]
[wegrowinfraventures.com/wp-content/uploads/2024/11/MGE-TW-14-a-3BHK-Duplex-Lower-3986-1-scaled.jpg]
[wegrowinfraventures.com/wp-content/uploads/2024/11/MGE-TW-14-a-3BHK-Duplex-Lower-3986-scaled.jpg]
[wegrowinfraventures.com/wp-content/uploads/2024/11/MGE-TW-14-c-4BHK-Duplex-Lower-4581-scaled.jpg]
[wegrowinfraventures.com/wp-content/uploads/2024/11/MGE-TW-14-c-4BHK-Duplex-Upper-4581-scaled.jpg]
[wegrowinfraventures.com/wp-content/uploads/2024/11/Panorama2_Unit-A_Level-01-06_3BHKDenStutyPuja_3709-sft.jpg]
[wegrowinfraventures.com/residential-property/m3m-golf-estate/index.html]
[wegrowinfraventures.com/wp-json/wp/v2/residential-property/2245.json]
[wegrowinfraventures.com/wp-json/oembed/1.0/embed2666.json]
[wegrowinfraventures.com/wp-json/oembed/1.0/embedf859]
[wegrowinfraventures.com/wp-content/uploads/2024/11/m3m-latitude-picture2.jpg]
[wegrowinfraventures.com/wp-content/uploads/2024/11/m3m-latitude-picture.jpg]
[wegrowinfraventures.com/wp-content/uploads/2024/11/m3m-latitude-highlights.jpg]
[wegrowinfraventures.com/wp-content/uploads/2024/11/m3m-latitude-picture1.jpg]
[wegrowinfraventures.com/wp-content/uploads/2024/11/3bhk-2499.jpg]
[wegrowinfraventures.com/wp-content/uploads/2024/11/3bhk-2499b.jpg]
[wegrowinfraventures.com/wp-content/uploads/2024/11/4bhk-2982.jpg]
[wegrowinfraventures.com/wp-content/uploads/2024/11/4bhk-2982b.jpg]
[wegrowinfraventures.com/residential-property/m3m-latitude/index.html]
[wegrowinfraventures.com/wp-json/wp/v2/residential-property/2239.json]
[wegrowinfraventures.com/wp-json/oembed/1.0/embeda0d2.json]
[wegrowinfraventures.com/wp-json/oembed/1.0/embed91c7]
[wegrowinfraventures.com/wp-content/uploads/2024/11/gallery_3.jpg]
[wegrowinfraventures.com/wp-content/uploads/2024/11/gallery_8.jpg]
[wegrowinfraventures.com/wp-content/uploads/2024/11/gallery_1.jpg]
[wegrowinfraventures.com/wp-content/uploads/2024/11/gallery_6.jpg]
[wegrowinfraventures.com/wp-content/uploads/2024/11/3bhk-2305.jpg]
[wegrowinfraventures.com/wp-content/uploads/2024/11/3bhk-2358.jpg]
[wegrowinfraventures.com/wp-content/uploads/2024/11/3bhk-2422.jpg]
[wegrowinfraventures.com/wp-content/uploads/2024/11/3bhk-2660.jpg]
[wegrowinfraventures.com/wp-content/uploads/2024/11/4bhk-3125.jpg]
[wegrowinfraventures.com/wp-content/uploads/2024/11/4bhk-3154.jpg]
[wegrowinfraventures.com/wp-content/uploads/2024/11/4bhk-3341.jpg]
[wegrowinfraventures.com/residential-property/m3m-merlin/index.html]
[wegrowinfraventures.com/wp-json/wp/v2/residential-property/2232.json]
[wegrowinfraventures.com/wp-json/oembed/1.0/embed2456.json]
[wegrowinfraventures.com/wp-json/oembed/1.0/embed0ae4]
[wegrowinfraventures.com/wp-content/uploads/2024/11/M3M-Capital-Lobby.jpg]
[wegrowinfraventures.com/wp-content/uploads/2024/11/M3M-Capital-Pool.jpg]
[wegrowinfraventures.com/wp-content/uploads/2024/11/M3M-Capital-Lift-Lobby.jpg]
[wegrowinfraventures.com/wp-content/uploads/2024/11/M3M-Capital-Living-Dining.jpg]
[wegrowinfraventures.com/wp-content/uploads/2024/11/2249-th.jpg]
[wegrowinfraventures.com/wp-content/uploads/2024/11/2055-th.jpg]
[wegrowinfraventures.com/wp-content/uploads/2024/11/1695-th.jpg]
[wegrowinfraventures.com/wp-content/uploads/2024/11/1665-th.jpg]
[wegrowinfraventures.com/wp-content/uploads/2024/11/1330-th.jpg]
[wegrowinfraventures.com/wp-content/uploads/2024/11/1310-th.jpg]
[wegrowinfraventures.com/wp-content/uploads/2024/11/location-map.jpg]
[wegrowinfraventures.com/wp-content/uploads/2024/11/site-plan.jpg]
[wegrowinfraventures.com/residential-property/m3m-capital-113/index.html]
[wegrowinfraventures.com/wp-json/wp/v2/residential-property/2227.json]
[wegrowinfraventures.com/wp-json/oembed/1.0/embed0ef4.json]
[wegrowinfraventures.com/wp-json/oembed/1.0/embed3189]
[wegrowinfraventures.com/wp-content/uploads/2024/11/2-2-2.jpg]
[wegrowinfraventures.com/wp-content/uploads/2024/11/2-1-2.jpg]
[wegrowinfraventures.com/wp-content/uploads/2024/11/4-3.jpg]
[wegrowinfraventures.com/wp-content/uploads/2024/11/1-2-2.jpg]
[wegrowinfraventures.com/wp-content/uploads/2024/11/4BHK-2400-scaled.jpg]
[wegrowinfraventures.com/wp-content/uploads/2024/11/4BHK-2305-scaled.jpg]
[wegrowinfraventures.com/wp-content/uploads/2024/11/4BHK-2248-scaled.jpg]
[wegrowinfraventures.com/wp-content/uploads/2024/11/4.5BHK-2670-scaled.jpg]
[wegrowinfraventures.com/wp-content/uploads/2024/11/4.5BHK-2570-scaled.jpg]
[wegrowinfraventures.com/wp-content/uploads/2024/11/4.5BHK-2510-scaled.jpg]
[wegrowinfraventures.com/wp-content/uploads/2024/11/3BHK-2105-scaled.jpg]
[wegrowinfraventures.com/wp-content/uploads/2024/11/3BHK-1895-scaled.jpg]
[wegrowinfraventures.com/wp-content/uploads/2024/11/3BHK-1868-scaled.jpg]
[wegrowinfraventures.com/wp-content/uploads/2024/11/3BHK-1825-scaled.jpg]
[wegrowinfraventures.com/wp-content/uploads/2024/11/3BHK-1665-scaled.jpg]
[wegrowinfraventures.com/wp-content/uploads/2024/11/3BHK-1605-scaled.jpg]
[wegrowinfraventures.com/wp-content/uploads/2024/11/3.5BHK-2170-scaled.jpg]
[wegrowinfraventures.com/wp-content/uploads/2024/11/3.5BHK-2080-scaled.jpg]
[wegrowinfraventures.com/wp-content/uploads/2024/11/3.5BHK-2022-scaled.jpg]
[wegrowinfraventures.com/wp-content/uploads/2024/11/2BHK-1615-scaled.jpg]
[wegrowinfraventures.com/residential-property/m3m-crown/index.html]
[wegrowinfraventures.com/wp-json/wp/v2/residential-property/2183.json]
[wegrowinfraventures.com/wp-json/oembed/1.0/embed62aa.json]
[wegrowinfraventures.com/wp-json/oembed/1.0/embedd67f]
[wegrowinfraventures.com/wp-content/uploads/2024/10/sector-113-gurugram-overview.webp]
[wegrowinfraventures.com/wp-content/uploads/2024/10/sector-113-gurugram-building.webp]
[wegrowinfraventures.com/wp-content/uploads/2024/10/sector-113-gurugram-clubhouse.webp]
[wegrowinfraventures.com/wp-content/uploads/2024/10/sector-113-gurugram-park-area.webp]
[wegrowinfraventures.com/wp-content/uploads/2024/10/sector-113-gurugram-floor-plan-4bhk-penthouse-5637-sqft.jpg]
[wegrowinfraventures.com/wp-content/uploads/2024/10/sector-113-gurugram-floor-plan-4-5bhk-3046-sqft.jpg]
[wegrowinfraventures.com/wp-content/uploads/2024/10/sector-113-gurugram-floor-plan-4-5bhk-2848-sqft.jpg]
[wegrowinfraventures.com/wp-content/uploads/2024/10/sector-113-gurugram-floor-plan-5bhk-penthouse-6769-sqft.jpg]
[wegrowinfraventures.com/wp-content/uploads/2024/10/sector-113-gurugram-floor-plan-3bhk-penthouse-4300-sqft.jpg]
[wegrowinfraventures.com/wp-content/uploads/2024/10/sector-113-gurugram-floor-plan-3-5bhk-2336-sqft.jpg]
[wegrowinfraventures.com/wp-content/uploads/2024/10/sector-113-gurugram-floor-plan-3-5bhk-2316-sqft.jpg]
[wegrowinfraventures.com/wp-content/uploads/2024/10/sector-113-gurugram-floor-plan-3-5bhk-2077-sqft.jpg]
[wegrowinfraventures.com/wp-content/uploads/2024/10/sector-113-gurugram-site-plan.jpg]
[wegrowinfraventures.com/residential-property/m3m-mansion-sector-113-gurgaon/index.html]
[wegrowinfraventures.com/wp-json/wp/v2/residential-property/2133.json]
[wegrowinfraventures.com/wp-json/oembed/1.0/embed2389.json]
[wegrowinfraventures.com/wp-json/oembed/1.0/embedf927]
[wegrowinfraventures.com/wp-content/uploads/2024/10/m3m-opus-at-m3m-marlin-dining-area.jpg]
[wegrowinfraventures.com/wp-content/uploads/2024/10/m3m-opus-at-m3m-marlin-club-house.jpg]
[wegrowinfraventures.com/wp-content/uploads/2024/10/m3m-opus-at-m3m-marlin-club-house-2.jpg]
[wegrowinfraventures.com/wp-content/uploads/2024/10/m3m-opus-at-m3m-marlin.jpg]
[wegrowinfraventures.com/wp-content/uploads/2024/10/m3m-opus-at-m3m-marlin-floor-plan.jpg]
[wegrowinfraventures.com/wp-content/uploads/2024/10/m3m-opus-at-m3m-marlin-location.jpg]
[wegrowinfraventures.com/residential-property/m3m-opus-at-m3m-merlin/index.html]
[wegrowinfraventures.com/wp-json/wp/v2/residential-property/2046.json]
[wegrowinfraventures.com/wp-json/oembed/1.0/embedd90c.json]
[wegrowinfraventures.com/wp-json/oembed/1.0/embedd24f]
[wegrowinfraventures.com/wp-content/uploads/2024/10/g3.webp]
[wegrowinfraventures.com/wp-content/uploads/2024/10/g1.webp]
[wegrowinfraventures.com/wp-content/uploads/2024/10/g2.webp]
[wegrowinfraventures.com/wp-content/uploads/2024/10/g4.webp]
[wegrowinfraventures.com/wp-content/uploads/2024/10/floor_page-0001.webp]
[wegrowinfraventures.com/wp-content/uploads/2024/10/floor_page-0002.webp]
[wegrowinfraventures.com/wp-content/uploads/2024/10/floor_page-0003.webp]
[wegrowinfraventures.com/wp-content/uploads/2024/10/floor_page-0004.webp]
[wegrowinfraventures.com/wp-content/uploads/2024/10/floor_page-0005.webp]
[wegrowinfraventures.com/wp-content/uploads/2024/10/floor_page-0006.webp]
[wegrowinfraventures.com/wp-content/uploads/2024/10/floor_page-0007.webp]
[wegrowinfraventures.com/wp-content/uploads/2024/10/floor_page-0008.webp]
[wegrowinfraventures.com/wp-content/uploads/2024/10/floor_page-0009.webp]
[wegrowinfraventures.com/wp-content/uploads/2024/10/floor_page-0010.webp]
[wegrowinfraventures.com/wp-content/uploads/2024/10/floor_page-0011.webp]
[wegrowinfraventures.com/wp-content/uploads/2024/10/floor_page-0012.webp]
[wegrowinfraventures.com/wp-content/uploads/2024/10/floor_page-0013.webp]
[wegrowinfraventures.com/wp-content/uploads/2024/10/floor_page-0014.webp]
[wegrowinfraventures.com/wp-content/uploads/2024/10/floor_page-0015.webp]
[wegrowinfraventures.com/wp-content/uploads/2024/10/floor_page-0016.webp]
[wegrowinfraventures.com/wp-content/uploads/2024/10/floor_page-0017.webp]
[wegrowinfraventures.com/residential-property/elan-the-residential/index.html]
[wegrowinfraventures.com/wp-json/wp/v2/residential-property/1907.json]
[wegrowinfraventures.com/wp-json/oembed/1.0/embedfb9c.json]
[wegrowinfraventures.com/wp-json/oembed/1.0/embeddd91]
[wegrowinfraventures.com/wp-content/uploads/2024/10/gallery-img-2.jpg]
[wegrowinfraventures.com/wp-content/uploads/2024/10/tab-2-banner.jpg]
[wegrowinfraventures.com/wp-content/uploads/2024/10/club-house-img.jpg]
[wegrowinfraventures.com/wp-content/uploads/2024/10/gallery-img-3.jpg]
[wegrowinfraventures.com/wp-content/uploads/2024/10/floorplan-min-3.jpg]
[wegrowinfraventures.com/residential-property/tarc-ishva-gurgaon/index.html]
[wegrowinfraventures.com/wp-json/wp/v2/residential-property/1878.json]
[wegrowinfraventures.com/wp-json/oembed/1.0/embedb20b.json]
[wegrowinfraventures.com/wp-json/oembed/1.0/embed6f50]
[wegrowinfraventures.com/wp-content/uploads/2024/10/3.jpg]
[wegrowinfraventures.com/wp-content/uploads/2024/10/1.jpg]
[wegrowinfraventures.com/wp-content/uploads/2024/10/4.jpg]
[wegrowinfraventures.com/wp-content/uploads/2024/10/2.jpg]
[wegrowinfraventures.com/wp-content/uploads/2024/10/Bignonia_Brochure_page-0040-scaled.jpg]
[wegrowinfraventures.com/wp-content/uploads/2024/10/Bignonia_Brochure_page-0041-scaled.jpg]
[wegrowinfraventures.com/wp-content/uploads/2024/10/Bignonia_Brochure_page-0042-scaled.jpg]
[wegrowinfraventures.com/wp-content/uploads/2024/10/Bignonia_Brochure_page-0043-scaled.jpg]
[wegrowinfraventures.com/wp-content/uploads/2024/10/Bignonia_Brochure_page-0044-scaled.jpg]
[wegrowinfraventures.com/wp-content/uploads/2024/10/Bignonia_Brochure_page-0045-scaled.jpg]
[wegrowinfraventures.com/wp-content/uploads/2024/10/Bignonia_Brochure_page-0046-scaled.jpg]
[wegrowinfraventures.com/residential-property/central-park-bignonia-towers/index.html]
[wegrowinfraventures.com/wp-json/wp/v2/residential-property/1471.json]
[wegrowinfraventures.com/wp-json/oembed/1.0/embed26d1.json]
[wegrowinfraventures.com/wp-json/oembed/1.0/embed8c7d]
[wegrowinfraventures.com/wp-content/uploads/2024/10/gallery2.jpg]
[wegrowinfraventures.com/wp-content/uploads/2024/10/m3m-beverly-hills-highlights.jpg]
[wegrowinfraventures.com/wp-content/uploads/2024/10/m3m-beverly-hills-gurgaon.jpg]
[wegrowinfraventures.com/wp-content/uploads/2024/10/highlights.jpg]
[wegrowinfraventures.com/wp-content/uploads/2024/10/M3M-Golf-Hills-3.5-BHK-2090-Sq.ft_-1024x683-1.jpg]
[wegrowinfraventures.com/wp-content/uploads/2024/10/M3M-Golf-Hills-2.5-BHK-1420-Sq.Ft_-1024x683-1.jpg]
[wegrowinfraventures.com/wp-content/uploads/2024/10/M3M-Golf-Hills-3.5-BHK-1902-Sq.Ft_-1024x683-1.jpg]
[wegrowinfraventures.com/wp-content/uploads/2024/10/M3M-Golf-Hills-4.5-BHK-2630-Sq.Ft_-1024x683-1.jpg]
[wegrowinfraventures.com/wp-content/uploads/2024/10/M3M-Golf-Hills-Location-Map.jpg]
[wegrowinfraventures.com/wp-content/uploads/2024/10/M3M-Golf-Hills-Site-Plan.jpg]
[wegrowinfraventures.com/residential-property/m3m-golf-hills/index.html]
[wegrowinfraventures.com/wp-json/wp/v2/residential-property/1459.json]
[wegrowinfraventures.com/wp-json/oembed/1.0/embed8c88.json]
[wegrowinfraventures.com/wp-json/oembed/1.0/embedb4e4]
[wegrowinfraventures.com/wp-content/uploads/2024/10/6.webp]
[wegrowinfraventures.com/wp-content/uploads/2024/10/4.webp]
[wegrowinfraventures.com/wp-content/uploads/2024/10/5.webp]
[wegrowinfraventures.com/wp-content/uploads/2024/10/1.webp]
[wegrowinfraventures.com/wp-content/uploads/2024/10/floorplan2.webp]
[wegrowinfraventures.com/wp-content/uploads/2024/10/floorplan1.webp]
[wegrowinfraventures.com/residential-property/m3m-altitude/index.html]
[wegrowinfraventures.com/wp-json/wp/v2/residential-property/255.json]
[wegrowinfraventures.com/wp-json/oembed/1.0/embed1c74.json]
[wegrowinfraventures.com/wp-json/oembed/1.0/embed0f00]
[wegrowinfraventures.com/wp-content/uploads/2024/09/site-plan-71552.jpg]
[wegrowinfraventures.com/wp-content/uploads/2024/09/headslider.jpg]
[wegrowinfraventures.com/wp-content/uploads/2024/09/location-map-80928.jpg]
[wegrowinfraventures.com/wp-content/uploads/2024/09/87130-3.5bhk.jpg]
[wegrowinfraventures.com/wp-content/uploads/2024/09/48085-2.5bhk.jpg]
[wegrowinfraventures.com/residential-property/m3m-antalya-hills-sector-79-gurgaon/index.html]
[wegrowinfraventures.com/wp-content/uploads/elementor/css/post-4011054.css]
[wegrowinfraventures.com/indexfef8.html]
[wegrowinfraventures.com/wp-json/wp/v2/commercial-property/353.json]
[wegrowinfraventures.com/wp-json/oembed/1.0/embedd91d.json]
[wegrowinfraventures.com/wp-json/oembed/1.0/embed81d5]
[wegrowinfraventures.com/wp-content/uploads/2024/09/4.3-500x540-1.webp]
[wegrowinfraventures.com/wp-content/uploads/2024/09/4.2-500x540-1.webp]
[wegrowinfraventures.com/wp-content/uploads/2024/09/M3M-Atrium-57-Gurgaon-Location-Map-1024x859-1.jpg]
[wegrowinfraventures.com/wp-content/uploads/2024/09/M3M-Atrium-57-First-Floor-Plan.jpg]
[wegrowinfraventures.com/wp-content/uploads/2024/09/M3M-Atrium-57-Ground-Floor-Plan.jpg]
[wegrowinfraventures.com/wp-content/uploads/2024/09/M3M-Atrium-57-Lower-Ground-Floor-Plan.jpg]
[wegrowinfraventures.com/wp-content/uploads/2024/09/M3M-Atrium-57-Second-Floor-Plan.jpg]
[wegrowinfraventures.com/wp-content/uploads/2024/09/M3M-Atrium-57-Third-Floor-Plan.jpg]
[wegrowinfraventures.com/commercial-property/m3m-atrium-57-sector-57-gurugram/index.html]
[wegrowinfraventures.com/wp-content/plugins/elementor/assets/lib/eicons/css/elementor-icons.min705c.css]
[wegrowinfraventures.com/wp-content/plugins/elementor/assets/css/widget-contact-buttons-base.min1ffb.css]
[wegrowinfraventures.com/wp-content/plugins/elementor/assets/css/widget-contact-buttons-var-10.min1ffb.css]
[wegrowinfraventures.com/wp-content/uploads/elementor/css/post-584bcb7.css]
[wegrowinfraventures.com/wp-json/wp/v2/commercial-property/525.json]
[wegrowinfraventures.com/wp-json/oembed/1.0/embed8b12.json]
[wegrowinfraventures.com/wp-json/oembed/1.0/embed7fa7]
[wegrowinfraventures.com/wp-content/uploads/2024/09/M3M-Paragon-57-image-1.webp]
[wegrowinfraventures.com/wp-content/uploads/2024/09/M3M-Paragon-57-image-2.png]
[wegrowinfraventures.com/wp-content/uploads/2024/09/M3M-Paragon-57-image-6.jpg]
[wegrowinfraventures.com/wp-content/uploads/2024/09/M3M-Paragon-57-image-4.webp]
[wegrowinfraventures.com/wp-content/uploads/2024/09/Paragon-Floor-Plan_compressed_page-0001-scaled.jpg]
[wegrowinfraventures.com/wp-content/uploads/2024/09/Paragon-Floor-Plan_compressed_page-0007-scaled.jpg]
[wegrowinfraventures.com/wp-content/uploads/2024/09/Paragon-Floor-Plan_compressed_page-0006-scaled.jpg]
[wegrowinfraventures.com/wp-content/uploads/2024/09/Paragon-Floor-Plan_compressed_page-0005-scaled.jpg]
[wegrowinfraventures.com/wp-content/uploads/2024/09/Paragon-Floor-Plan_compressed_page-0004-scaled.jpg]
[wegrowinfraventures.com/wp-content/uploads/2024/09/Paragon-Floor-Plan_compressed_page-0003-scaled.jpg]
[wegrowinfraventures.com/wp-content/uploads/2024/09/Paragon-Floor-Plan_compressed_page-0002-scaled.jpg]
[wegrowinfraventures.com/commercial-property/m3m-paragon-57sector-57-gurgaon/index.html]
[wegrowinfraventures.com/wp-json/wp/v2/commercial-property/1921.json]
[wegrowinfraventures.com/wp-json/oembed/1.0/embed0a15.json]
[wegrowinfraventures.com/wp-json/oembed/1.0/embed1f2b]
[wegrowinfraventures.com/wp-content/uploads/2024/10/1-1.jpg]
[wegrowinfraventures.com/wp-content/uploads/2024/10/3-1.jpg]
[wegrowinfraventures.com/wp-content/uploads/2024/10/6-1.jpg]
[wegrowinfraventures.com/wp-content/uploads/2024/10/4-1.jpg]
[wegrowinfraventures.com/wp-content/uploads/2024/10/1-2.jpg]
[wegrowinfraventures.com/wp-content/uploads/2024/10/2-2.jpg]
[wegrowinfraventures.com/wp-content/uploads/2024/10/3-2.jpg]
[wegrowinfraventures.com/wp-content/uploads/2024/10/4-2.jpg]
[wegrowinfraventures.com/wp-content/uploads/2024/10/5.jpg]
[wegrowinfraventures.com/wp-content/uploads/2024/10/6.jpg]
[wegrowinfraventures.com/wp-content/uploads/2024/10/7.jpg]
[wegrowinfraventures.com/wp-content/uploads/2024/10/8.jpg]
[wegrowinfraventures.com/commercial-property/m3m-jewel/index.html]
[wegrowinfraventures.com/wp-json/wp/v2/commercial-property/1939.json]
[wegrowinfraventures.com/wp-json/oembed/1.0/embedb89e.json]
[wegrowinfraventures.com/wp-json/oembed/1.0/embed7cad]
[wegrowinfraventures.com/wp-content/uploads/2024/10/route65-gallery-9.png]
[wegrowinfraventures.com/wp-content/uploads/2024/10/route65-gallery-10.png]
[wegrowinfraventures.com/wp-content/uploads/2024/10/route65-gallery-8.jpg]
[wegrowinfraventures.com/wp-content/uploads/2024/10/route65-gallery-7.jpg]
[wegrowinfraventures.com/wp-content/uploads/2024/10/M3M-Route-65-Lower-First-Floor.webp]
[wegrowinfraventures.com/wp-content/uploads/2024/10/M3M-Route-65-Lower-Third-Floor.webp]
[wegrowinfraventures.com/wp-content/uploads/2024/10/M3M-Route-65-Lower-Second-Floor.webp]
[wegrowinfraventures.com/wp-content/uploads/2024/10/M3M-Route-65-Lower-Ground-Floor.webp]
[wegrowinfraventures.com/wp-content/uploads/2024/10/M3M-Route-65-Site-Plan.webp]
[wegrowinfraventures.com/commercial-property/m3m-route-65/index.html]
[wegrowinfraventures.com/wp-json/wp/v2/commercial-property/2026.json]
[wegrowinfraventures.com/wp-json/oembed/1.0/embed874c.json]
[wegrowinfraventures.com/wp-json/oembed/1.0/embedb329]
[wegrowinfraventures.com/wp-content/uploads/2024/10/3-1.webp]
[wegrowinfraventures.com/wp-content/uploads/2024/10/1-1.webp]
[wegrowinfraventures.com/wp-content/uploads/2024/10/4-1.webp]
[wegrowinfraventures.com/wp-content/uploads/2024/10/2-1.webp]
[wegrowinfraventures.com/wp-content/uploads/2024/10/reach-buzz-114-scaled.webp]
[wegrowinfraventures.com/commercial-property/reach-buzz-114/index.html]
[wegrowinfraventures.com/wp-json/wp/v2/commercial-property/2315.json]
[wegrowinfraventures.com/wp-json/oembed/1.0/embedd8d5.json]
[wegrowinfraventures.com/wp-json/oembed/1.0/embed576a]
[wegrowinfraventures.com/wp-content/uploads/2024/11/07-1.jpg]
[wegrowinfraventures.com/wp-content/uploads/2024/11/06.jpg]
[wegrowinfraventures.com/wp-content/uploads/2024/11/04-1.jpg]
[wegrowinfraventures.com/wp-content/uploads/2024/11/05.jpg]
[wegrowinfraventures.com/wp-content/uploads/2024/11/SECOND-.jpg]
[wegrowinfraventures.com/wp-content/uploads/2024/11/GROUND-.jpg]
[wegrowinfraventures.com/wp-content/uploads/2024/11/FIRST-.jpg]
[wegrowinfraventures.com/commercial-property/m3m-capital-walk/index.html]
[wegrowinfraventures.com/wp-json/wp/v2/commercial-property/2319.json]
[wegrowinfraventures.com/wp-json/oembed/1.0/embed1184.json]
[wegrowinfraventures.com/wp-json/oembed/1.0/embede455]
[wegrowinfraventures.com/wp-content/uploads/2024/11/65_gallery_n11.jpg]
[wegrowinfraventures.com/wp-content/uploads/2024/11/65_gallery_n13.jpg]
[wegrowinfraventures.com/wp-content/uploads/2024/11/65_gallery_n12.jpg]
[wegrowinfraventures.com/wp-content/uploads/2024/11/65_gallery_n4.jpg]
[wegrowinfraventures.com/wp-content/uploads/2024/11/65th_Plans.jpg]
[wegrowinfraventures.com/commercial-property/m3m-65th-avenue/index.html]
[wegrowinfraventures.com/wp-json/wp/v2/commercial-property/2322.json]
[wegrowinfraventures.com/wp-json/oembed/1.0/embedf9c1.json]
[wegrowinfraventures.com/wp-json/oembed/1.0/embeda10e]
[wegrowinfraventures.com/wp-content/uploads/2024/11/ifcGallery_n4.jpg]
[wegrowinfraventures.com/wp-content/uploads/2024/11/ifcGallery_n3.jpg]
[wegrowinfraventures.com/wp-content/uploads/2024/11/ifcGallery_n2.jpg]
[wegrowinfraventures.com/wp-content/uploads/2024/11/ifcGallery_n1.jpg]
[wegrowinfraventures.com/wp-content/uploads/2024/11/ifcSecond_Floor.jpg]
[wegrowinfraventures.com/wp-content/uploads/2024/11/ifcThird_Floor.jpg]
[wegrowinfraventures.com/wp-content/uploads/2024/11/ifcFirst_Floor.jpg]
[wegrowinfraventures.com/commercial-property/m3m-ifc/index.html]
[wegrowinfraventures.com/wp-json/wp/v2/commercial-property/2328.json]
[wegrowinfraventures.com/wp-json/oembed/1.0/embed4439.json]
[wegrowinfraventures.com/wp-json/oembed/1.0/embed33b0]
[wegrowinfraventures.com/wp-content/uploads/2024/11/broadway_gallery_1.jpg]
[wegrowinfraventures.com/wp-content/uploads/2024/11/broadway_gallery_2.jpg]
[wegrowinfraventures.com/wp-content/uploads/2024/11/broadway_gallery_4.jpg]
[wegrowinfraventures.com/wp-content/uploads/2024/11/broadway_gallery_5.jpg]
[wegrowinfraventures.com/wp-content/uploads/2024/11/fifth_floor.jpg]
[wegrowinfraventures.com/wp-content/uploads/2024/11/first_floor.jpg]
[wegrowinfraventures.com/wp-content/uploads/2024/11/fourth_floor.jpg]
[wegrowinfraventures.com/wp-content/uploads/2024/11/Ground-Floor-2.jpg]
[wegrowinfraventures.com/wp-content/uploads/2024/11/Lower-Ground-Floor.jpg]
[wegrowinfraventures.com/wp-content/uploads/2024/11/Second-Floor-2.jpg]
[wegrowinfraventures.com/wp-content/uploads/2024/11/third_floor.jpg]
[wegrowinfraventures.com/commercial-property/m3m-broadway/index.html]
[wegrowinfraventures.com/wp-json/wp/v2/commercial-property/2331.json]
[wegrowinfraventures.com/wp-json/oembed/1.0/embed28b5.json]
[wegrowinfraventures.com/wp-json/oembed/1.0/embedeed3]
[wegrowinfraventures.com/wp-content/uploads/2024/11/cw_gallery_n9.jpg]
[wegrowinfraventures.com/wp-content/uploads/2024/11/cw_gallery_n2.jpg]
[wegrowinfraventures.com/wp-content/uploads/2024/11/cw_gallery_n8.jpg]
[wegrowinfraventures.com/wp-content/uploads/2024/11/cw_gallery_n3.jpg]
[wegrowinfraventures.com/wp-content/uploads/2024/11/cwFirst_Floor.jpg]
[wegrowinfraventures.com/wp-content/uploads/2024/11/cwGround_Floor.jpg]
[wegrowinfraventures.com/wp-content/uploads/2024/11/cwLower_Ground_Floor.jpg]
[wegrowinfraventures.com/wp-content/uploads/2024/11/cwSecond_Floor.jpg]
[wegrowinfraventures.com/wp-content/uploads/2024/11/cwUpper_Ground_Floor.jpg]
[wegrowinfraventures.com/commercial-property/m3m-corner-walk/index.html]
[wegrowinfraventures.com/wp-json/wp/v2/commercial-property/2336.json]
[wegrowinfraventures.com/wp-json/oembed/1.0/embed030e.json]
[wegrowinfraventures.com/wp-json/oembed/1.0/embed4da3]
[wegrowinfraventures.com/wp-content/uploads/2024/11/3-1.jpg]
[wegrowinfraventures.com/wp-content/uploads/2024/11/5.jpg]
[wegrowinfraventures.com/wp-content/uploads/2024/11/4-1.jpg]
[wegrowinfraventures.com/wp-content/uploads/2024/11/2-3.jpg]
[wegrowinfraventures.com/wp-content/uploads/2024/11/WhatsApp-Image-2024-08-05-at-11.19.23-AM-6.jpg]
[wegrowinfraventures.com/wp-content/uploads/2024/11/WhatsApp-Image-2024-08-05-at-11.19.23-AM-7.jpg]
[wegrowinfraventures.com/wp-content/uploads/2024/11/WhatsApp-Image-2024-08-05-at-11.19.24-AM-2.jpg]
[wegrowinfraventures.com/wp-content/uploads/2024/11/WhatsApp-Image-2024-08-05-at-11.19.21-AM-1.jpg]
[wegrowinfraventures.com/wp-content/uploads/2024/11/WhatsApp-Image-2024-08-05-at-11.19.22-AM-2.jpg]
[wegrowinfraventures.com/wp-content/uploads/2024/11/WhatsApp-Image-2024-08-05-at-11.19.23-AM-1-3.jpg]
[wegrowinfraventures.com/wp-content/uploads/2024/11/WhatsApp-Image-2024-08-05-at-11.19.23-AM-4.jpg]
[wegrowinfraventures.com/wp-content/uploads/2024/11/location.jpg]
[wegrowinfraventures.com/commercial-property/elan-imperial-82/index.html]
[wegrowinfraventures.com/wp-json/wp/v2/commercial-property/2343.json]
[wegrowinfraventures.com/wp-json/oembed/1.0/embeda7a1.json]
[wegrowinfraventures.com/wp-json/oembed/1.0/embedcf09]
[wegrowinfraventures.com/wp-content/uploads/2024/11/elan-nirvana-country.jpg]
[wegrowinfraventures.com/wp-content/uploads/2024/11/elan-nirvana-highlights.jpg]
[wegrowinfraventures.com/wp-content/uploads/2024/11/elan-sector-50-gurgaon.jpg]
[wegrowinfraventures.com/wp-content/uploads/2024/11/elan-sector-50.jpg]
[wegrowinfraventures.com/wp-content/uploads/2024/11/2-mobile-view.jpg]
[wegrowinfraventures.com/wp-content/uploads/2024/11/3-mobile-view.jpg]
[wegrowinfraventures.com/wp-content/uploads/2024/11/4-mobile-view.jpg]
[wegrowinfraventures.com/wp-content/uploads/2024/11/5-mobile-view.jpg]
[wegrowinfraventures.com/wp-content/uploads/2024/11/6-mobile-view.jpg]
[wegrowinfraventures.com/wp-content/uploads/2024/11/7-mobile-view.jpg]
[wegrowinfraventures.com/wp-content/uploads/2024/11/8-mobile-view.jpg]
[wegrowinfraventures.com/commercial-property/elan-paradise/index.html]
[wegrowinfraventures.com/wp-json/wp/v2/commercial-property/2346.json]
[wegrowinfraventures.com/wp-json/oembed/1.0/embed00eb.json]
[wegrowinfraventures.com/wp-json/oembed/1.0/embed23a2]
[wegrowinfraventures.com/wp-content/uploads/2024/11/Amenities-5.jpg]
[wegrowinfraventures.com/wp-content/uploads/2024/11/Amenities-1.jpg]
[wegrowinfraventures.com/wp-content/uploads/2024/11/Amenities-4.jpg]
[wegrowinfraventures.com/wp-content/uploads/2024/11/Amenities-2.jpg]
[wegrowinfraventures.com/wp-content/uploads/2024/11/Restaurant-FLOOR-PLAN.jpg]
[wegrowinfraventures.com/wp-content/uploads/2024/11/FF.jpg]
[wegrowinfraventures.com/wp-content/uploads/2024/11/master.png]
[wegrowinfraventures.com/wp-content/uploads/2024/11/LGF.jpg]
[wegrowinfraventures.com/wp-content/uploads/2024/11/GF.jpg]
[wegrowinfraventures.com/wp-content/uploads/2024/11/Food-Court-FLOOR-PLAN.jpg]
[wegrowinfraventures.com/commercial-property/elan-empire/index.html]
[wegrowinfraventures.com/wp-json/wp/v2/commercial-property/2348.json]
[wegrowinfraventures.com/wp-json/oembed/1.0/embedd963.json]
[wegrowinfraventures.com/wp-json/oembed/1.0/embedade8]
[wegrowinfraventures.com/wp-content/uploads/2024/11/09.jpg]
[wegrowinfraventures.com/wp-content/uploads/2024/11/04.jpg]
[wegrowinfraventures.com/wp-content/uploads/2024/11/02.jpg]
[wegrowinfraventures.com/wp-content/uploads/2024/11/07.jpg]
[wegrowinfraventures.com/wp-content/uploads/2024/11/elan-the-mark-sector-106-location.jpg]
[wegrowinfraventures.com/wp-content/uploads/2024/11/Elan-Floor-plan2.jpg]
[wegrowinfraventures.com/wp-content/uploads/2024/11/Elan-Floor-plan3.jpg]
[wegrowinfraventures.com/wp-content/uploads/2024/11/Elan-Floor-plan4.jpg]
[wegrowinfraventures.com/wp-content/uploads/2024/11/Elan-Floor-plan5.jpg]
[wegrowinfraventures.com/wp-content/uploads/2024/11/Elan-Floor-plan1.jpg]
[wegrowinfraventures.com/commercial-property/elan-the-mark/index.html]
[wegrowinfraventures.com/wp-json/wp/v2/commercial-property/2351.json]
[wegrowinfraventures.com/wp-json/oembed/1.0/embedcba0.json]
[wegrowinfraventures.com/wp-json/oembed/1.0/embed2954]
[wegrowinfraventures.com/wp-content/uploads/2024/11/1-1-1.jpg]
[wegrowinfraventures.com/wp-content/uploads/2024/11/3-1-1.jpg]
[wegrowinfraventures.com/wp-content/uploads/2024/11/2-1-1.jpg]
[wegrowinfraventures.com/wp-content/uploads/2024/11/4-1-1.jpg]
[wegrowinfraventures.com/wp-content/uploads/2024/11/1-2-1.jpg]
[wegrowinfraventures.com/wp-content/uploads/2024/11/2-2-1.jpg]
[wegrowinfraventures.com/wp-content/uploads/2024/11/3-2.jpg]
[wegrowinfraventures.com/wp-content/uploads/2024/11/6-1.jpg]
[wegrowinfraventures.com/wp-content/uploads/2024/11/7.jpg]
[wegrowinfraventures.com/wp-content/uploads/2024/11/5-2.jpg]
[wegrowinfraventures.com/wp-content/uploads/2024/11/4-2.jpg]
[wegrowinfraventures.com/commercial-property/elan-miracle/index.html]
[wegrowinfraventures.com/wp-json/wp/v2/commercial-property/2355.json]
[wegrowinfraventures.com/wp-json/oembed/1.0/embed1c3d.json]
[wegrowinfraventures.com/wp-json/oembed/1.0/embed7d63]
[wegrowinfraventures.com/wp-content/uploads/2024/11/Amenities-5-1.jpg]
[wegrowinfraventures.com/wp-content/uploads/2024/11/Amenities-2-1.jpg]
[wegrowinfraventures.com/wp-content/uploads/2024/11/Amenities-4-1.jpg]
[wegrowinfraventures.com/wp-content/uploads/2024/11/LG.jpg]
[wegrowinfraventures.com/wp-content/uploads/2024/11/master.jpg]
[wegrowinfraventures.com/wp-content/uploads/2024/11/SF.jpg]
[wegrowinfraventures.com/wp-content/uploads/2024/11/TF.jpg]
[wegrowinfraventures.com/wp-content/uploads/2024/11/4F.jpg]
[wegrowinfraventures.com/wp-content/uploads/2024/11/FF-1.jpg]
[wegrowinfraventures.com/wp-content/uploads/2024/11/GF-1.jpg]
[wegrowinfraventures.com/commercial-property/elan-epic/index.html]
[wegrowinfraventures.com/wp-json/wp/v2/commercial-property/2359.json]
[wegrowinfraventures.com/wp-json/oembed/1.0/embed5e27.json]
[wegrowinfraventures.com/wp-json/oembed/1.0/embedb5e3]
[wegrowinfraventures.com/wp-content/uploads/2024/11/gallery-4.jpg]
[wegrowinfraventures.com/wp-content/uploads/2024/11/gallery-2.jpg]
[wegrowinfraventures.com/wp-content/uploads/2024/11/gallery-1.jpg]
[wegrowinfraventures.com/wp-content/uploads/2024/11/gallery-3.jpg]
[wegrowinfraventures.com/wp-content/uploads/2024/11/gf.webp]
[wegrowinfraventures.com/wp-content/uploads/2024/11/ff.webp]
[wegrowinfraventures.com/wp-content/uploads/2024/11/sf.webp]
[wegrowinfraventures.com/commercial-property/aipl-joy-district/index.html]
[wegrowinfraventures.com/wp-json/wp/v2/commercial-property/2363.json]
[wegrowinfraventures.com/wp-json/oembed/1.0/embed2b52.json]
[wegrowinfraventures.com/wp-json/oembed/1.0/embed95e3]
[wegrowinfraventures.com/wp-content/uploads/2024/11/4.jpg]
[wegrowinfraventures.com/wp-content/uploads/2024/11/3.jpg]
[wegrowinfraventures.com/wp-content/uploads/2024/11/2.jpg]
[wegrowinfraventures.com/wp-content/uploads/2024/11/1.jpg]
[wegrowinfraventures.com/wp-content/uploads/2024/11/ground-floor.jpg]
[wegrowinfraventures.com/wp-content/uploads/2024/11/first-floor.jpg]
[wegrowinfraventures.com/wp-content/uploads/2024/11/second-floor.jpg]
[wegrowinfraventures.com/commercial-property/aipl-joy-central/index.html]
[wegrowinfraventures.com/wp-json/wp/v2/commercial-property/2366.json]
[wegrowinfraventures.com/wp-json/oembed/1.0/embedf296.json]
[wegrowinfraventures.com/wp-json/oembed/1.0/embed4245]
[wegrowinfraventures.com/wp-content/uploads/2024/11/Sliden58.jpg]
[wegrowinfraventures.com/wp-content/uploads/2024/11/Sliden51.jpg]
[wegrowinfraventures.com/wp-content/uploads/2024/11/Sliden57.jpg]
[wegrowinfraventures.com/wp-content/uploads/2024/11/Sliden59.jpg]
[wegrowinfraventures.com/wp-content/uploads/2024/11/aipl-joy-street-gurgaon_1st-floor-plan.webp]
[wegrowinfraventures.com/wp-content/uploads/2024/11/aipl-joy-street-gurgaon_2nd-floor-plan.webp]
[wegrowinfraventures.com/wp-content/uploads/2024/11/aipl-joy-street-gurgaon_food-court-floor-plan.webp]
[wegrowinfraventures.com/wp-content/uploads/2024/11/aipl-joy-street-gurgaon_ground-floor-plan.webp]
[wegrowinfraventures.com/commercial-property/aipl-joy-street/index.html]
[wegrowinfraventures.com/wp-json/wp/v2/commercial-property/2369.json]
[wegrowinfraventures.com/wp-json/oembed/1.0/embedd691.json]
[wegrowinfraventures.com/wp-json/oembed/1.0/embed5e7f]
[wegrowinfraventures.com/wp-content/uploads/2024/11/aipl-autograph5-1.webp]
[wegrowinfraventures.com/wp-content/uploads/2024/11/aipl-autograph9-1.webp]
[wegrowinfraventures.com/wp-content/uploads/2024/11/aipl-autographUntitled-1-2.webp]
[wegrowinfraventures.com/wp-content/uploads/2024/11/aipl-autograph7-1.webp]
[wegrowinfraventures.com/commercial-property/aipl-autograph/index.html]
[wegrowinfraventures.com/wp-content/uploads/2024/11/floor-plan1.webp]
[wegrowinfraventures.com/wp-json/wp/v2/commercial-property/2372.json]
[wegrowinfraventures.com/wp-json/oembed/1.0/embedb877.json]
[wegrowinfraventures.com/wp-json/oembed/1.0/embede2b2]
[wegrowinfraventures.com/wp-content/uploads/2024/11/gallery7.jpg]
[wegrowinfraventures.com/wp-content/uploads/2024/11/gallery6.jpg]
[wegrowinfraventures.com/wp-content/uploads/2024/11/gallery5.jpg]
[wegrowinfraventures.com/wp-content/uploads/2024/11/gallery8.jpg]
[wegrowinfraventures.com/wp-content/uploads/2024/11/floorplantype_17250950927514.jpg]
[wegrowinfraventures.com/wp-content/uploads/2024/11/floorplantype_17250951203291.jpg]
[wegrowinfraventures.com/wp-content/uploads/2024/11/floorplantype_17250951508115.jpg]
[wegrowinfraventures.com/wp-content/uploads/2024/11/floorplantype_17250951782699.jpg]
[wegrowinfraventures.com/wp-content/uploads/2024/11/site_plan_1725095239925.jpg]
[wegrowinfraventures.com/commercial-property/the-omaxe-state/index.html]
[wegrowinfraventures.com/wp-content/plugins/elementor-pro/assets/css/widget-posts.minb175.css]
[wegrowinfraventures.com/wp-content/uploads/elementor/css/post-82692a3.css]
[wegrowinfraventures.com/indexf689.html]
[wegrowinfraventures.com/wp-content/plugins/elementor-pro/assets/css/widget-post-info.minb175.css]
[wegrowinfraventures.com/why-should-we-invest-in-commercial-property-in-gurugram-in-2025/feed/index.html]
[wegrowinfraventures.com/wp-content/plugins/elementor-pro/assets/css/widget-post-navigation.minb175.css]
[wegrowinfraventures.com/wp-content/uploads/elementor/css/post-2004f96b.css]
[wegrowinfraventures.com/wp-json/wp/v2/posts/3138.json]
[wegrowinfraventures.com/wp-json/oembed/1.0/embed7eb2.json]
[wegrowinfraventures.com/wp-json/oembed/1.0/embedb4e6]
[wegrowinfraventures.com/wp-content/uploads/2025/01/commercial-2025-3.1-1.jpg]
[wegrowinfraventures.com/wp-content/uploads/2024/12/1599642619-9091-768x432.jpg]
[wegrowinfraventures.com/wp-content/uploads/2024/10/Thinking-home-buyer-768x512.jpg]
[wegrowinfraventures.com/why-should-we-invest-in-commercial-property-in-gurugram-in-2025/index.html]
[wegrowinfraventures.com/wp-content/uploads/2024/12/1599642619-9091.jpg]
[wegrowinfraventures.com/haryana-approves-36-km-extension-of-gurugram-metro/feed/index.html]
[wegrowinfraventures.com/wp-json/wp/v2/posts/3069.json]
[wegrowinfraventures.com/wp-json/oembed/1.0/embed1d6d.json]
[wegrowinfraventures.com/wp-json/oembed/1.0/embedd2b3]
[wegrowinfraventures.com/wp-content/uploads/2024/12/WhatsApp-Image-2024-12-18-at-10.15.42.jpg]
[wegrowinfraventures.com/wp-content/uploads/2024/12/2-768x512.jpg]
[wegrowinfraventures.com/haryana-approves-36-km-extension-of-gurugram-metro/index.html]
[wegrowinfraventures.com/wp-content/uploads/2024/10/Thinking-home-buyer.jpg]
[wegrowinfraventures.com/consider-buy-your-first-home-in-gurgaon/feed/index.html]
[wegrowinfraventures.com/wp-json/wp/v2/posts/2158.json]
[wegrowinfraventures.com/wp-json/oembed/1.0/embed70e6.json]
[wegrowinfraventures.com/wp-json/oembed/1.0/embed2a73]
[wegrowinfraventures.com/consider-buy-your-first-home-in-gurgaon/index.html]
[wegrowinfraventures.com/wp-json/wp/v2/posts/375.json]
[wegrowinfraventures.com/wp-json/oembed/1.0/embed4d22.json]
[wegrowinfraventures.com/why-invest-in-m3m-atrium-57/feed/index.html]
[wegrowinfraventures.com/wp-json/oembed/1.0/embeda4ac]
[wegrowinfraventures.com/why-invest-in-m3m-atrium-57/index.html]
[wegrowinfraventures.com/wp-json/wp/v2/posts/373.json]
[wegrowinfraventures.com/top-5-amenities-of-m3m-antalya-hills-sector-79/feed/index.html]
[wegrowinfraventures.com/wp-json/oembed/1.0/embedbde4.json]
[wegrowinfraventures.com/top-5-amenities-of-m3m-antalya-hills-sector-79/index.html]
[wegrowinfraventures.com/wp-json/oembed/1.0/embed40b5]
[wegrowinfraventures.com/wp-json/wp/v2/posts/371.json]
[wegrowinfraventures.com/why-gurgaon-is-a-hotspot-for-real-estate-investment/feed/index.html]
[wegrowinfraventures.com/wp-json/oembed/1.0/embeda8b6.json]
[wegrowinfraventures.com/why-gurgaon-is-a-hotspot-for-real-estate-investment/index.html]
[wegrowinfraventures.com/wp-content/plugins/elementor/assets/css/widget-icon-list.min1ffb.css]
[wegrowinfraventures.com/wp-content/plugins/elementor/assets/css/widget-google_maps.min1ffb.css]
[wegrowinfraventures.com/wp-content/uploads/elementor/css/post-78623b3.css]
[wegrowinfraventures.com/index4ab5.html]
[wegrowinfraventures.com/wp-includes/css/dist/block-library/style.min9704.css]
[wegrowinfraventures.com/wp-content/plugins/elementor-pro/assets/css/widget-gallery.minb175.css]
[wegrowinfraventures.com/wp-content/plugins/elementor/assets/lib/e-gallery/css/e-gallery.min7359.css]
[wegrowinfraventures.com/wp-content/plugins/elementor-pro/assets/css/conditionals/transitions.minb175.css]
[wegrowinfraventures.com/wp-content/plugins/elementor/assets/lib/animations/styles/slideInRight.min1ffb.css]
[wegrowinfraventures.com/wp-content/uploads/elementor/css/post-110f845.css]
[wegrowinfraventures.com/wp-content/uploads/elementor/css/post-259f1b6.css]
[wegrowinfraventures.com/indexb51d.html]
[wegrowinfraventures.com/wp-content/plugins/elementor/assets/lib/e-gallery/js/e-gallery.min7359.js]
[wegrowinfraventures.com/indexb5e2.html]
[wegrowinfraventures.com/indexca39.html]
[wegrowinfraventures.com/index10e9.html]
[wegrowinfraventures.com/index44af.html]
[wegrowinfraventures.com/index1c75.html]
[wegrowinfraventures.com/wp-content/uploads/elementor/css/post-322184f.css]
[wegrowinfraventures.com/index0306.html]
[wegrowinfraventures.com/indexd309.html]
[wegrowinfraventures.com/indexa2b2.html]
[wegrowinfraventures.com/index160e.html]
[wegrowinfraventures.com/index3d27.html]
[wegrowinfraventures.com/index5b90.html]
[wegrowinfraventures.com/wp-content/uploads/elementor/css/post-29500ec9.css]
[wegrowinfraventures.com/indexf1e7.html]
[wegrowinfraventures.com/wp-content/uploads/elementor/css/post-2994c7cf.css]
[wegrowinfraventures.com/indexa64b.html]
[wegrowinfraventures.com/wp-content/uploads/elementor/css/post-2978fb12.css]
[wegrowinfraventures.com/indexae17.html]
[wegrowinfraventures.com/wp-content/uploads/elementor/css/post-640e349.css]
[wegrowinfraventures.com/index55df.html]
[wegrowinfraventures.com/wp-content/uploads/elementor/css/post-642c052.css]
[wegrowinfraventures.com/indexd1c3.html]
[wegrowinfraventures.com/wp-content/uploads/elementor/css/post-644dc7d.css]
[wegrowinfraventures.com/index6ade.html]
[wegrowinfraventures.com/-negative.html]
[wegrowinfraventures.com/OPR/index.html]
[wegrowinfraventures.com/window.location.html]
[wegrowinfraventures.com/wp-content/uploads/2024/09/newl.svg]
[wegrowinfraventures.com/indexa518.html]
[wegrowinfraventures.com/index052f.html]
[wegrowinfraventures.com/index032e.html]
[wegrowinfraventures.com/index401a.html]
[wegrowinfraventures.com/indexb6be.html]
[wegrowinfraventures.com/index5bd0.html]
[wegrowinfraventures.com/indexaaa5.html]
[wegrowinfraventures.com/index6806.html]
[wegrowinfraventures.com/indexbd91.html]
[wegrowinfraventures.com/index833b.html]
[wegrowinfraventures.com/indexd63f.html]
[wegrowinfraventures.com/index4de7.html]
[wegrowinfraventures.com/index480b.html]
[wegrowinfraventures.com/indexf883.html]
[wegrowinfraventures.com/indexbe44.html]
[wegrowinfraventures.com/index6654.html]
[wegrowinfraventures.com/indexee45.html]
[wegrowinfraventures.com/indexbe5a.html]
[wegrowinfraventures.com/index4332.html]
[wegrowinfraventures.com/index2bf9.html]
[wegrowinfraventures.com/index2349.html]
[wegrowinfraventures.com/index0c93.html]
[wegrowinfraventures.com/indexbc6e.html]
[wegrowinfraventures.com/wp-json/oembed/1.0/embed4722]
[wegrowinfraventures.com/wp-content/plugins/elementor/assets/lib/eicons/fonts/eiconsa7eb.eot]
[wegrowinfraventures.com/wp-content/plugins/elementor/assets/lib/eicons/fonts/eiconsa7eb.woff2]
[wegrowinfraventures.com/wp-content/plugins/elementor/assets/lib/eicons/fonts/eiconsa7eb.woff]
[wegrowinfraventures.com/wp-content/plugins/elementor/assets/lib/eicons/fonts/eiconsa7eb.ttf]
[wegrowinfraventures.com/wp-content/plugins/elementor/assets/lib/eicons/css/elementor-icons.min705c.css]
[wegrowinfraventures.com/wp-content/plugins/elementor/assets/css/widget-contact-buttons-base.min1ffb.css]
[wegrowinfraventures.com/wp-content/plugins/elementor/assets/css/widget-contact-buttons-var-10.min1ffb.css]
[wegrowinfraventures.com/wp-content/uploads/elementor/css/post-584bcb7.css]
[wegrowinfraventures.com/index27cd.html]
[wegrowinfraventures.com/index4dfd.html]
[wegrowinfraventures.com/index9277.html]
[wegrowinfraventures.com/index5b4f.html]
[wegrowinfraventures.com/indexd026.html]
[wegrowinfraventures.com/index2fc6.html]
[wegrowinfraventures.com/indexafc9.html]
[wegrowinfraventures.com/index6fa8.html]
[wegrowinfraventures.com/index988d.html]
[wegrowinfraventures.com/index55c6.html]
[wegrowinfraventures.com/index8bf8.html]
[wegrowinfraventures.com/index85f6.html]
[wegrowinfraventures.com/index5c68.html]
[wegrowinfraventures.com/index74d1.html]
[wegrowinfraventures.com/index1731.html]
[wegrowinfraventures.com/index4de4.html]
[wegrowinfraventures.com/indexc200.html]
[wegrowinfraventures.com/index99a0.html]
[wegrowinfraventures.com/index57e2.html]
[wegrowinfraventures.com/indexaa19.html]
[wegrowinfraventures.com/wp-content/plugins/elementor-pro/assets/css/widget-post-info.minb175.css]
[wegrowinfraventures.com/wp-content/plugins/elementor-pro/assets/css/widget-post-navigation.minb175.css]
[wegrowinfraventures.com/wp-content/plugins/elementor/assets/lib/animations/styles/fadeInUp.min1ffb.css]
[wegrowinfraventures.com/wp-content/uploads/elementor/css/post-2004f96b.css]
[wegrowinfraventures.com/index6316.html]
[wegrowinfraventures.com/2025/01/22/index.html]
[wegrowinfraventures.com/index19eb.html]
[wegrowinfraventures.com/2024/12/18/index.html]
[wegrowinfraventures.com/index87ad.html]
[wegrowinfraventures.com/2024/10/25/index.html]
[wegrowinfraventures.com/index3922.html]
[wegrowinfraventures.com/2024/09/21/index.html]
[wegrowinfraventures.com/index7080.html]
[wegrowinfraventures.com/index9f0a.html]
[wegrowinfraventures.com/wp-content/plugins/elementor/assets/lib/eicons/fonts/eiconsa7eb.svg]
[wegrowinfraventures.com/wp-content/plugins/elementor/assets/lib/eicons/fonts/eiconsa7eb.svg]
